Component: Arm Compiler for Embedded 6.19 Tool: armlink [5e73cb00]

==============================================================================

Section Cross References

    startup_stm32f407xx.o(RESET) refers to startup_stm32f407xx.o(STACK) for __initial_sp
    startup_stm32f407xx.o(RESET) refers to startup_stm32f407xx.o(.text) for Reset_Handler
    startup_stm32f407xx.o(RESET) refers to stm32f4xx_it.o(.text.NMI_Handler) for NMI_Handler
    startup_stm32f407xx.o(RESET) refers to stm32f4xx_it.o(.text.HardFault_Handler) for HardFault_Handler
    startup_stm32f407xx.o(RESET) refers to stm32f4xx_it.o(.text.MemManage_Handler) for MemManage_Handler
    startup_stm32f407xx.o(RESET) refers to stm32f4xx_it.o(.text.BusFault_Handler) for BusFault_Handler
    startup_stm32f407xx.o(RESET) refers to stm32f4xx_it.o(.text.UsageFault_Handler) for UsageFault_Handler
    startup_stm32f407xx.o(RESET) refers to stm32f4xx_it.o(.text.SVC_Handler) for SVC_Handler
    startup_stm32f407xx.o(RESET) refers to stm32f4xx_it.o(.text.DebugMon_Handler) for DebugMon_Handler
    startup_stm32f407xx.o(RESET) refers to stm32f4xx_it.o(.text.PendSV_Handler) for PendSV_Handler
    startup_stm32f407xx.o(RESET) refers to stm32f4xx_it.o(.text.SysTick_Handler) for SysTick_Handler
    startup_stm32f407xx.o(RESET) refers to usmart_port.o(.text.TIM4_IRQHandler) for TIM4_IRQHandler
    startup_stm32f407xx.o(RESET) refers to usart.o(.text.USART1_IRQHandler) for USART1_IRQHandler
    startup_stm32f407xx.o(RESET) refers to atk_mw8266d_uart.o(.text.USART3_IRQHandler) for USART3_IRQHandler
    startup_stm32f407xx.o(.text) refers to system_stm32f4xx.o(.text.SystemInit) for SystemInit
    startup_stm32f407xx.o(.text) refers to entry.o(.ARM.Collect$$$$00000000) for __main
    main.o(.text.main) refers to stm32f4xx_hal.o(.text.HAL_Init) for HAL_Init
    main.o(.text.main) refers to sys.o(.text.sys_stm32_clock_init) for sys_stm32_clock_init
    main.o(.text.main) refers to delay.o(.text.delay_init) for delay_init
    main.o(.text.main) refers to usart.o(.text.usart_init) for usart_init
    main.o(.text.main) refers to led.o(.text.led_init) for led_init
    main.o(.text.main) refers to key.o(.text.key_init) for key_init
    main.o(.text.main) refers to lcd.o(.text.lcd_init) for lcd_init
    main.o(.text.main) refers to demo.o(.text.demo_run) for demo_run
    main.o(.ARM.exidx.text.main) refers to main.o(.text.main) for [Anonymous Symbol]
    stm32f4xx_it.o(.ARM.exidx.text.NMI_Handler) refers to stm32f4xx_it.o(.text.NMI_Handler) for [Anonymous Symbol]
    stm32f4xx_it.o(.ARM.exidx.text.HardFault_Handler) refers to stm32f4xx_it.o(.text.HardFault_Handler) for [Anonymous Symbol]
    stm32f4xx_it.o(.ARM.exidx.text.MemManage_Handler) refers to stm32f4xx_it.o(.text.MemManage_Handler) for [Anonymous Symbol]
    stm32f4xx_it.o(.ARM.exidx.text.BusFault_Handler) refers to stm32f4xx_it.o(.text.BusFault_Handler) for [Anonymous Symbol]
    stm32f4xx_it.o(.ARM.exidx.text.UsageFault_Handler) refers to stm32f4xx_it.o(.text.UsageFault_Handler) for [Anonymous Symbol]
    stm32f4xx_it.o(.ARM.exidx.text.SVC_Handler) refers to stm32f4xx_it.o(.text.SVC_Handler) for [Anonymous Symbol]
    stm32f4xx_it.o(.ARM.exidx.text.DebugMon_Handler) refers to stm32f4xx_it.o(.text.DebugMon_Handler) for [Anonymous Symbol]
    stm32f4xx_it.o(.ARM.exidx.text.PendSV_Handler) refers to stm32f4xx_it.o(.text.PendSV_Handler) for [Anonymous Symbol]
    stm32f4xx_it.o(.text.SysTick_Handler) refers to stm32f4xx_hal.o(.text.HAL_IncTick) for HAL_IncTick
    stm32f4xx_it.o(.ARM.exidx.text.SysTick_Handler) refers to stm32f4xx_it.o(.text.SysTick_Handler) for [Anonymous Symbol]
    system_stm32f4xx.o(.ARM.exidx.text.SystemInit) refers to system_stm32f4xx.o(.text.SystemInit) for [Anonymous Symbol]
    system_stm32f4xx.o(.text.SystemCoreClockUpdate) refers to system_stm32f4xx.o(.data.SystemCoreClock) for SystemCoreClock
    system_stm32f4xx.o(.text.SystemCoreClockUpdate) refers to system_stm32f4xx.o(.rodata.AHBPrescTable) for AHBPrescTable
    system_stm32f4xx.o(.ARM.exidx.text.SystemCoreClockUpdate) refers to system_stm32f4xx.o(.text.SystemCoreClockUpdate) for [Anonymous Symbol]
    demo.o(.text.ota_ui_progress) refers to uldiv.o(.text) for __aeabi_uldivmod
    demo.o(.text.ota_ui_progress) refers to demo.o(.bss.g_dl_pct) for g_dl_pct
    demo.o(.text.ota_ui_progress) refers to lcd.o(.text.lcd_fill) for lcd_fill
    demo.o(.text.ota_ui_progress) refers to lcd.o(.text.lcd_draw_rectangle) for lcd_draw_rectangle
    demo.o(.text.ota_ui_progress) refers to printfa.o(i.__0snprintf) for __2snprintf
    demo.o(.text.ota_ui_progress) refers to lcd.o(.text.lcd_show_string) for lcd_show_string
    demo.o(.text.ota_ui_progress) refers to stm32f4xx_hal.o(.text.HAL_GetTick) for HAL_GetTick
    demo.o(.text.ota_ui_progress) refers to demo.o(.bss.g_dl_start_tick) for g_dl_start_tick
    demo.o(.text.ota_ui_progress) refers to f2d.o(.text) for __aeabi_f2d
[...]
    0x080a2c46   0x080a2c46   0x00000002   PAD
    0x080a2c48   0x080a2c48   0x00000002   Code   RO          718    .text.HAL_UART_TxCpltCallback  stm32f4xx_hal_uart.o
    0x080a2c4a   0x080a2c4a   0x00000002   PAD
    0x080a2c4c   0x080a2c4c   0x00000002   Code   RO           22    .text.HardFault_Handler  stm32f4xx_it.o
    0x080a2c4e   0x080a2c4e   0x00000002   PAD
    0x080a2c50   0x080a2c50   0x00000002   Code   RO           24    .text.MemManage_Handler  stm32f4xx_it.o
    0x080a2c52   0x080a2c52   0x00000002   PAD
    0x080a2c54   0x080a2c54   0x00000002   Code   RO           20    .text.NMI_Handler   stm32f4xx_it.o
    0x080a2c56   0x080a2c56   0x00000002   PAD
    0x080a2c58   0x080a2c58   0x00000002   Code   RO           34    .text.PendSV_Handler  stm32f4xx_it.o
    0x080a2c5a   0x080a2c5a   0x00000002   PAD
    0x080a2c5c   0x080a2c5c   0x00000026   Code   RO         1275    .text.SDIO_ConfigData  stm32f4xx_ll_sdmmc.o
    0x080a2c82   0x080a2c82   0x00000002   PAD
    0x080a2c84   0x080a2c84   0x00000008   Code   RO         1267    .text.SDIO_GetPowerState  stm32f4xx_ll_sdmmc.o
    0x080a2c8c   0x080a2c8c   0x00000006   Code   RO         1273    .text.SDIO_GetResponse  stm32f4xx_ll_sdmmc.o
    0x080a2c92   0x080a2c92   0x00000002   PAD
    0x080a2c94   0x080a2c94   0x0000002c   Code   RO         1257    .text.SDIO_Init     stm32f4xx_ll_sdmmc.o
    0x080a2cc0   0x080a2cc0   0x00000010   Code   RO         1263    .text.SDIO_PowerState_ON  stm32f4xx_ll_sdmmc.o
    0x080a2cd0   0x080a2cd0   0x00000006   Code   RO         1259    .text.SDIO_ReadFIFO  stm32f4xx_ll_sdmmc.o
    0x080a2cd6   0x080a2cd6   0x00000002   PAD
    0x080a2cd8   0x080a2cd8   0x0000000c   Code   RO         1261    .text.SDIO_WriteFIFO  stm32f4xx_ll_sdmmc.o
    0x080a2ce4   0x080a2ce4   0x00000018   Code   RO         1313    .text.SDMMC_CmdAppCommand  stm32f4xx_ll_sdmmc.o
    0x080a2cfc   0x080a2cfc   0x00000062   Code   RO         1315    .text.SDMMC_CmdAppOperCommand  stm32f4xx_ll_sdmmc.o
    0x080a2d5e   0x080a2d5e   0x00000002   PAD
    0x080a2d60   0x080a2d60   0x00000018   Code   RO         1283    .text.SDMMC_CmdBlockLength  stm32f4xx_ll_sdmmc.o
    0x080a2d78   0x080a2d78   0x00000018   Code   RO         1317    .text.SDMMC_CmdBusWidth  stm32f4xx_ll_sdmmc.o
    0x080a2d90   0x080a2d90   0x00000048   Code   RO         1309    .text.SDMMC_CmdGoIdleState  stm32f4xx_ll_sdmmc.o
    0x080a2dd8   0x080a2dd8   0x00000076   Code   RO         1311    .text.SDMMC_CmdOperCond  stm32f4xx_ll_sdmmc.o
    0x080a2e4e   0x080a2e4e   0x00000002   PAD
    0x080a2e50   0x080a2e50   0x00000018   Code   RO         1289    .text.SDMMC_CmdReadMultiBlock  stm32f4xx_ll_sdmmc.o
    0x080a2e68   0x080a2e68   0x00000018   Code   RO         1287    .text.SDMMC_CmdReadSingleBlock  stm32f4xx_ll_sdmmc.o
    0x080a2e80   0x080a2e80   0x00000018   Code   RO         1307    .text.SDMMC_CmdSelDesel  stm32f4xx_ll_sdmmc.o
    0x080a2e98   0x080a2e98   0x00000068   Code   RO         1321    .text.SDMMC_CmdSendCID  stm32f4xx_ll_sdmmc.o
    0x080a2f00   0x080a2f00   0x00000068   Code   RO         1323    .text.SDMMC_CmdSendCSD  stm32f4xx_ll_sdmmc.o
    0x080a2f68   0x080a2f68   0x0000001a   Code   RO         1319    .text.SDMMC_CmdSendSCR  stm32f4xx_ll_sdmmc.o
    0x080a2f82   0x080a2f82   0x00000002   PAD
    0x080a2f84   0x080a2f84   0x00000018   Code   RO         1327    .text.SDMMC_CmdSendStatus  stm32f4xx_ll_sdmmc.o
    0x080a2f9c   0x080a2f9c   0x0000009a   Code   RO         1325    .text.SDMMC_CmdSetRelAdd  stm32f4xx_ll_sdmmc.o
    0x080a3036   0x080a3036   0x00000002   PAD
    0x080a3038   0x080a3038   0x0000001e   Code   RO         1305    .text.SDMMC_CmdStopTransfer  stm32f4xx_ll_sdmmc.o
    0x080a3056   0x080a3056   0x00000002   PAD
    0x080a3058   0x080a3058   0x00000018   Code   RO         1293    .text.SDMMC_CmdWriteMultiBlock  stm32f4xx_ll_sdmmc.o
    0x080a3070   0x080a3070   0x00000018   Code   RO         1291    .text.SDMMC_CmdWriteSingleBlock  stm32f4xx_ll_sdmmc.o
    0x080a3088   0x080a3088   0x0000012a   Code   RO         1285    .text.SDMMC_GetCmdResp1  stm32f4xx_ll_sdmmc.o
    0x080a31b2   0x080a31b2   0x00000002   PAD
    0x080a31b4   0x080a31b4   0x000000d6   Code   RO         1409    .text.SD_FindSCR    stm32f4xx_hal_sd.o
    0x080a328a   0x080a328a   0x00000002   PAD
    0x080a328c   0x080a328c   0x000000e0   Code   RO         1433    .text.SPI_WaitFlagStateUntilTimeout  stm32f4xx_hal_spi.o
    0x080a336c   0x080a336c   0x00000002   Code   RO           30    .text.SVC_Handler   stm32f4xx_it.o
    0x080a336e   0x080a336e   0x00000002   PAD
    0x080a3370   0x080a3370   0x00000004   Code   RO           36    .text.SysTick_Handler  stm32f4xx_it.o
    0x080a3374   0x080a3374   0x0000001c   Code   RO           45    .text.SystemInit    system_stm32f4xx.o
    0x080a3390   0x080a3390   0x00000034   Code   RO         2017    .text.TIM4_IRQHandler  usmart_port.o
    0x080a33c4   0x080a33c4   0x00000124   Code   RO          770    .text.TIM_Base_SetConfig  stm32f4xx_hal_tim.o
    0x080a34e8   0x080a34e8   0x0000000c   Code   RO          712    .text.UART_DMAAbortOnError  stm32f4xx_hal_uart.o
    0x080a34f4   0x080a34f4   0x0000009e   Code   RO          710    .text.UART_Receive_IT  stm32f4xx_hal_uart.o
    0x080a3592   0x080a3592   0x00000002   PAD
    0x080a3594   0x080a3594   0x000000ea   Code   RO          636    .text.UART_SetConfig  stm32f4xx_hal_uart.o
    0x080a367e   0x080a367e   0x00000002   PAD
    0x080a3680   0x080a3680   0x00000058   Code   RO          280    .text.USART1_IRQHandler  usart.o
    0x080a36d8   0x080a36d8   0x000000ec   Code   RO         1701    .text.USART3_IRQHandler  atk_mw8266d_uart.o
    0x080a37c4   0x080a37c4   0x00000002   Code   RO           28    .text.UsageFault_Handler  stm32f4xx_it.o
    0x080a37c6   0x080a37c6   0x00000002   PAD
    0x080a37c8   0x080a37c8   0x00000024   Code   RO           78    .text.__NVIC_SystemReset  demo.o
    0x080a37ec   0x080a37ec   0x000000a6   Code   RO         2153    .text.ai_network_create_and_init  network.o
    0x080a3892   0x080a3892   0x00000002   PAD
    0x080a3894   0x080a3894   0x00000038   Code   RO         2407    .text.ai_network_data_params_get  network_data.o
    0x080a38cc   0x080a38cc   0x00000004   Code   RO         2161    .text.ai_network_destroy  network.o
    0x080a38d0   0x080a38d0   0x00000004   Code   RO         2149    .text.ai_network_get_error  network.o
    0x080a38d4   0x080a38d4   0x000000be   Code   RO         2147    .text.ai_network_get_report  network.o
    0x080a3992   0x080a3992   0x00000002   PAD
    0x080a3994   0x080a3994   0x000001e2   Code   RO         2155    .text.ai_network_init  network.o
    0x080a3b76   0x080a3b76   0x00000002   PAD
    0x080a3b78   0x080a3b78   0x0000001e   Code   RO         2157    .text.ai_network_inputs_get  network.o
    0x080a3b96   0x080a3b96   0x00000002   PAD
    0x080a3b98   0x080a3b98   0x0000001e   Code   RO         2159    .text.ai_network_outputs_get  network.o
    0x080a3bb6   0x080a3bb6   0x00000002   PAD
    0x080a3bb8   0x080a3bb8   0x00000004   Code   RO         2163    .text.ai_network_run  network.o
    0x080a3bbc   0x080a3bbc   0x00000074   Code   RO         1656    .text.atk_mw8266d_at_test  atk_mw8266d.o
    0x080a3c30   0x080a3c30   0x000000b4   Code   RO         1664    .text.atk_mw8266d_ate_config  atk_mw8266d.o
    0x080a3ce4   0x080a3ce4   0x000000b0   Code   RO         1672    .text.atk_mw8266d_enter_unvarnished  atk_mw8266d.o
    0x080a3d94   0x080a3d94   0x0000000c   Code   RO         1674    .text.atk_mw8266d_exit_unvarnished  atk_mw8266d.o
    0x080a3da0   0x080a3da0   0x00000078   Code   RO         1654    .text.atk_mw8266d_init  atk_mw8266d.o
    0x080a3e18   0x080a3e18   0x0000007c   Code   RO         1666    .text.atk_mw8266d_join_ap  atk_mw8266d.o
    0x080a3e94   0x080a3e94   0x00000050   Code   RO         1652    .text.atk_mw8266d_send_at_cmd  atk_mw8266d.o
    0x080a3ee4   0x080a3ee4   0x00000114   Code   RO         1660    .text.atk_mw8266d_set_mode  atk_mw8266d.o
    0x080a3ff8   0x080a3ff8   0x00000060   Code   RO         1662    .text.atk_mw8266d_sw_reset  atk_mw8266d.o
    0x080a4058   0x080a4058   0x0000002c   Code   RO         1699    .text.atk_mw8266d_uart_init  atk_mw8266d_uart.o
    0x080a4084   0x080a4084   0x00000044   Code   RO         1691    .text.atk_mw8266d_uart_printf  atk_mw8266d_uart.o
    0x080a40c8   0x080a40c8   0x00000022   Code   RO         1695    .text.atk_mw8266d_uart_rx_get_frame  atk_mw8266d_uart.o
    0x080a40ea   0x080a40ea   0x00000002   PAD
    0x080a40ec   0x080a40ec   0x00000010   Code   RO         1693    .text.atk_mw8266d_uart_rx_restart  atk_mw8266d_uart.o
    0x080a40fc   0x080a40fc   0x00000014   Code   RO         1703    .text.atk_mw8266d_uart_send  atk_mw8266d_uart.o
    0x080a4110   0x080a4110   0x000001dc   Code   RO          160    .text.boot_cfg_read  ota_update.o
    0x080a42ec   0x080a42ec   0x0000010c   Code   RO          162    .text.boot_cfg_write  ota_update.o
    0x080a43f8   0x080a43f8   0x00000114   Code   RO         1892    .text.check_fs      ff.o
    0x080a450c   0x080a450c   0x000001cc   Code   RO          140    .text.check_fw      ota_net.o
    0x080a46d8   0x080a46d8   0x000001ec   Code   RO          142    .text.check_md      ota_net.o
    0x080a48c4   0x080a48c4   0x0000027a   Code   RO         1832    .text.create_chain  ff.o
    0x080a4b3e   0x080a4b3e   0x00000002   PAD
    0x080a4b40   0x080a4b40   0x00000180   Code   RO         1880    .text.create_partition  ff.o
    0x080a4cc0   0x080a4cc0   0x00000016   Code   RO          223    .text.delay_init    delay.o
    0x080a4cd6   0x080a4cd6   0x00000002   PAD
    0x080a4cd8   0x080a4cd8   0x00000094   Code   RO          227    .text.delay_ms      delay.o
    0x080a4d6c   0x080a4d6c   0x0000003a   Code   RO          225    .text.delay_us      delay.o
    0x080a4da6   0x080a4da6   0x00000002   PAD
    0x080a4da8   0x080a4da8   0x000014e6   Code   RO           76    .text.demo_main     demo.o
    0x080a628e   0x080a628e   0x00000002   PAD
    0x080a6290   0x080a6290   0x00000004   Code   RO           80    .text.demo_run      demo.o
    0x080a6294   0x080a6294   0x00000060   Code   RO         1876    .text.dir_alloc     ff.o
    0x080a62f4   0x080a62f4   0x0000011c   Code   RO         1868    .text.dir_clear     ff.o
    0x080a6410   0x080a6410   0x0000026c   Code   RO         1894    .text.dir_find      ff.o
    0x080a667c   0x080a667c   0x000000fa   Code   RO         1856    .text.dir_next      ff.o
    0x080a6776   0x080a6776   0x00000002   PAD
    0x080a6778   0x080a6778   0x0000016e   Code   RO         1852    .text.dir_read      ff.o
    0x080a68e6   0x080a68e6   0x00000002   PAD
    0x080a68e8   0x080a68e8   0x00000570   Code   RO         1818    .text.dir_register  ff.o
    0x080a6e58   0x080a6e58   0x000000b0   Code   RO         1806    .text.dir_sdi       ff.o
    0x080a6f08   0x080a6f08   0x00000020   Code   RO         1790    .text.disk_initialize  diskio.o
    0x080a6f28   0x080a6f28   0x00000066   Code   RO         1796    .text.disk_ioctl    diskio.o
    0x080a6f8e   0x080a6f8e   0x00000002   PAD
    0x080a6f90   0x080a6f90   0x0000004e   Code   RO         1792    .text.disk_read     diskio.o
    0x080a6fde   0x080a6fde   0x00000002   PAD
    0x080a6fe0   0x080a6fe0   0x00000004   Code   RO         1788    .text.disk_status   diskio.o
    0x080a6fe4   0x080a6fe4   0x0000004e   Code   RO         1794    .text.disk_write    diskio.o
    0x080a7032   0x080a7032   0x00000002   PAD
    0x080a7034   0x080a7034   0x00000078   Code   RO          124    .text.dl_connect    ota_net.o
    0x080a70ac   0x080a70ac   0x00000084   Code   RO          126    .text.dl_disconnect  ota_net.o
    0x080a7130   0x080a7130   0x00000344   Code   RO          130    .text.dl_http_get   ota_net.o
    0x080a7474   0x080a7474   0x0000000c   Code   RO          128    .text.dl_is_connected  ota_net.o
    0x080a7480   0x080a7480   0x00000364   Code   RO          166    .text.dl_to_sd      ota_update.o
    0x080a77e4   0x080a77e4   0x00000018   Code   RO          191    .text.dp_close      data_player.o
    0x080a77fc   0x080a77fc   0x00000062   Code   RO          187    .text.dp_get        data_player.o
    0x080a785e   0x080a785e   0x00000002   PAD
    0x080a7860   0x080a7860   0x000000ec   Code   RO          185    .text.dp_init       data_player.o
    0x080a794c   0x080a794c   0x00000070   Code   RO          189    .text.dp_next       data_player.o
    0x080a79bc   0x080a79bc   0x0000004a   Code   RO         1842    .text.f_close       ff.o
    0x080a7a06   0x080a7a06   0x00000002   PAD
    0x080a7a08   0x080a7a08   0x00000040   Code   RO         1848    .text.f_closedir    ff.o
    0x080a7a48   0x080a7a48   0x0000016c   Code   RO         1860    .text.f_getfree     ff.o
    0x080a7bb4   0x080a7bb4   0x00000142   Code   RO         1872    .text.f_getlabel    ff.o
    0x080a7cf6   0x080a7cf6   0x00000002   PAD
    0x080a7cf8   0x080a7cf8   0x00000062   Code   RO         1882    .text.f_gets        ff.o
    0x080a7d5a   0x080a7d5a   0x00000002   PAD
    0x080a7d5c   0x080a7d5c   0x00000464   Code   RO         1844    .text.f_lseek       ff.o
    0x080a81c0   0x080a81c0   0x000001ca   Code   RO         1866    .text.f_mkdir       ff.o
    0x080a838a   0x080a838a   0x00000002   PAD
    0x080a838c   0x080a838c   0x00000e10   Code   RO         1878    .text.f_mkfs        ff.o
    0x080a919c   0x080a919c   0x000000a0   Code   RO         1810    .text.f_mount       ff.o
    0x080a923c   0x080a923c   0x00000350   Code   RO         1814    .text.f_open        ff.o
    0x080a958c   0x080a958c   0x000000bc   Code   RO         1846    .text.f_opendir     ff.o
    0x080a9648   0x080a9648   0x0000006e   Code   RO         1884    .text.f_putc        ff.o
    0x080a96b6   0x080a96b6   0x00000002   PAD
    0x080a96b8   0x080a96b8   0x0000008e   Code   RO         1886    .text.f_puts        ff.o
    0x080a9746   0x080a9746   0x00000002   PAD
    0x080a9748   0x080a9748   0x00000226   Code   RO         1828    .text.f_read        ff.o
    0x080a996e   0x080a996e   0x00000002   PAD
    0x080a9970   0x080a9970   0x000000a2   Code   RO         1850    .text.f_readdir     ff.o
    0x080a9a12   0x080a9a12   0x00000002   PAD
    0x080a9a14   0x080a9a14   0x000002cc   Code   RO         1870    .text.f_rename      ff.o
    0x080a9ce0   0x080a9ce0   0x00000296   Code   RO         1874    .text.f_setlabel    ff.o
    0x080a9f76   0x080a9f76   0x00000002   PAD
    0x080a9f78   0x080a9f78   0x00000248   Code   RO         1834    .text.f_sync        ff.o
    0x080aa1c0   0x080aa1c0   0x00000176   Code   RO         1864    .text.f_unlink      ff.o
    0x080aa336   0x080aa336   0x00000002   PAD
    0x080aa338   0x080aa338   0x00000290   Code   RO         1830    .text.f_write       ff.o
    0x080aa5c8   0x080aa5c8   0x00000008   Code   RO         1916    .text.ff_memalloc   ffsystem.o
    0x080aa5d0   0x080aa5d0   0x00000008   Code   RO         1918    .text.ff_memfree    ffsystem.o
    0x080aa5d8   0x080aa5d8   0x00000068   Code   RO         1930    .text.ff_oem2uni    ffunicode.o
    0x080aa640   0x080aa640   0x00000080   Code   RO         1928    .text.ff_uni2oem    ffunicode.o
    0x080aa6c0   0x080aa6c0   0x000000cc   Code   RO         1932    .text.ff_wtoupper   ffunicode.o
    0x080aa78c   0x080aa78c   0x00000038   Code   RO         1836    .text.fill_last_frag  ff.o
    0x080aa7c4   0x080aa7c4   0x00000404   Code   RO         1816    .text.follow_path   ff.o
    0x080aabc8   0x080aabc8   0x00000014   Code   RO          272    .text.fputc         usart.o
    0x080aabdc   0x080aabdc   0x00000188   Code   RO         1808    .text.get_fat       ff.o
    0x080aad64   0x080aad64   0x00000004   Code   RO         1914    .text.get_fattime   ffsystem.o
    0x080aad68   0x080aad68   0x00000268   Code   RO         1854    .text.get_fileinfo  ff.o
    0x080aafd0   0x080aafd0   0x000002d8   Code   RO          120    .text.http_post     ota_net.o
    0x080ab2a8   0x080ab2a8   0x0000001e   Code   RO         1820    .text.init_alloc_info  ff.o
    0x080ab2c6   0x080ab2c6   0x00000002   PAD
    0x080ab2c8   0x080ab2c8   0x000000cc   Code   RO          136    .text.jstr          ota_net.o
    0x080ab394   0x080ab394   0x000000bc   Code   RO         1552    .text.key_init      key.o
    0x080ab450   0x080ab450   0x000000d4   Code   RO         1554    .text.key_scan      key.o
    0x080ab524   0x080ab524   0x00000036   Code   RO         1609    .text.lcd_clear     lcd.o
    0x080ab55a   0x080ab55a   0x00000002   PAD
    0x080ab55c   0x080ab55c   0x0000015e   Code   RO         1619    .text.lcd_draw_rectangle  lcd.o
    0x080ab6ba   0x080ab6ba   0x00000002   PAD
    0x080ab6bc   0x080ab6bc   0x00000722   Code   RO         1571    .text.lcd_ex_ili9341_reginit  lcd.o
    0x080abdde   0x080abdde   0x00000002   PAD
    0x080abde0   0x080abde0   0x00000a70   Code   RO         1581    .text.lcd_ex_ili9806_reginit  lcd.o
    0x080ac850   0x080ac850   0x00002f32   Code   RO         1573    .text.lcd_ex_nt35310_reginit  lcd.o
    0x080af782   0x080af782   0x00000002   PAD
    0x080af784   0x080af784   0x00000ddc   Code   RO         1577    .text.lcd_ex_nt35510_reginit  lcd.o
    0x080b0560   0x080b0560   0x0000046a   Code   RO         1583    .text.lcd_ex_ssd1963_reginit  lcd.o
    0x080b09ca   0x080b09ca   0x00000002   PAD
    0x080b09cc   0x080b09cc   0x0000057c   Code   RO         1565    .text.lcd_ex_st7789_reginit  lcd.o
    0x080b0f48   0x080b0f48   0x000005da   Code   RO         1575    .text.lcd_ex_st7796_reginit  lcd.o
    0x080b1522   0x080b1522   0x00000002   PAD
    0x080b1524   0x080b1524   0x00000060   Code   RO         1611    .text.lcd_fill      lcd.o
    0x080b1584   0x080b1584   0x00000674   Code   RO         1607    .text.lcd_init      lcd.o
    0x080b1bf8   0x080b1bf8   0x00000178   Code   RO           70    .text.lcd_page_download  demo.o
    0x080b1d70   0x080b1d70   0x00000154   Code   RO           66    .text.lcd_page_fw_sel  demo.o
    0x080b1ec4   0x080b1ec4   0x000001b0   Code   RO           62    .text.lcd_page_main  demo.o
    0x080b2074   0x080b2074   0x00000148   Code   RO           68    .text.lcd_page_md_sel  demo.o
    0x080b21bc   0x080b21bc   0x000001f8   Code   RO           74    .text.lcd_page_model_run  demo.o
    0x080b23b4   0x080b23b4   0x000000ac   Code   RO           72    .text.lcd_page_result  demo.o
    0x080b2460   0x080b2460   0x00000228   Code   RO           64    .text.lcd_page_update_sel  demo.o
    0x080b2688   0x080b2688   0x000002c0   Code   RO         1595    .text.lcd_scan_dir  lcd.o
    0x080b2948   0x080b2948   0x00000272   Code   RO         1589    .text.lcd_set_cursor  lcd.o
    0x080b2bba   0x080b2bba   0x00000002   PAD
    0x080b2bbc   0x080b2bbc   0x00000130   Code   RO         1625    .text.lcd_show_char  lcd.o
    0x080b2cec   0x080b2cec   0x00000076   Code   RO         1631    .text.lcd_show_string  lcd.o
    0x080b2d62   0x080b2d62   0x00000002   PAD
    0x080b2d64   0x080b2d64   0x00000008   Code   RO         1890    .text.ld_qword      ff.o
    0x080b2d6c   0x080b2d6c   0x00000082   Code   RO         1543    .text.led_init      led.o
    0x080b2dee   0x080b2dee   0x00000002   PAD
    0x080b2df0   0x080b2df0   0x00000074   Code   RO          164    .text.load_md_ver   ota_update.o
    0x080b2e64   0x080b2e64   0x00000036   Code   RO         1838    .text.load_obj_xdir  ff.o
    0x080b2e9a   0x080b2e9a   0x00000002   PAD
    0x080b2e9c   0x080b2e9c   0x00000110   Code   RO         1898    .text.load_xdir     ff.o
    0x080b2fac   0x080b2fac   0x00000036   Code   RO           11    .text.main          main.o
    0x080b2fe2   0x080b2fe2   0x00000002   PAD
    0x080b2fe4   0x080b2fe4   0x00000228   Code   RO          202    .text.me_load       model_engine.o
    0x080b320c   0x080b320c   0x0000019c   Code   RO          204    .text.me_predict    model_engine.o
    0x080b33a8   0x080b33a8   0x0000000c   Code   RO          206    .text.me_size       model_engine.o
    0x080b33b4   0x080b33b4   0x00000014   Code   RO         2094    .text.mf_close      fattester.o
    0x080b33c8   0x080b33c8   0x00000010   Code   RO         2102    .text.mf_closedir   fattester.o
    0x080b33d8   0x080b33d8   0x00000024   Code   RO         2118    .text.mf_fmkfs      fattester.o
    0x080b33fc   0x080b33fc   0x00000084   Code   RO         2124    .text.mf_getlabel   fattester.o
    0x080b3480   0x080b3480   0x0000004c   Code   RO         2128    .text.mf_gets       fattester.o
    0x080b34cc   0x080b34cc   0x00000014   Code   RO         2110    .text.mf_lseek      fattester.o
    0x080b34e0   0x080b34e0   0x00000004   Code   RO         2116    .text.mf_mkdir      fattester.o
    0x080b34e4   0x080b34e4   0x00000016   Code   RO         2090    .text.mf_mount      fattester.o
    0x080b34fa   0x080b34fa   0x00000002   PAD
    0x080b34fc   0x080b34fc   0x00000016   Code   RO         2092    .text.mf_open       fattester.o
    0x080b3512   0x080b3512   0x00000002   PAD
    0x080b3514   0x080b3514   0x00000012   Code   RO         2100    .text.mf_opendir    fattester.o
    0x080b3526   0x080b3526   0x00000002   PAD
    0x080b3528   0x080b3528   0x00000014   Code   RO         2130    .text.mf_putc       fattester.o
    0x080b353c   0x080b353c   0x00000014   Code   RO         2132    .text.mf_puts       fattester.o
    0x080b3550   0x080b3550   0x00000160   Code   RO         2096    .text.mf_read       fattester.o
    0x080b36b0   0x080b36b0   0x0000017c   Code   RO         2104    .text.mf_readdir    fattester.o
    0x080b382c   0x080b382c   0x00000004   Code   RO         2122    .text.mf_rename     fattester.o
    0x080b3830   0x080b3830   0x00000080   Code   RO         2106    .text.mf_scan_files  fattester.o
    0x080b38b0   0x080b38b0   0x00000054   Code   RO         2126    .text.mf_setlabel   fattester.o
    0x080b3904   0x080b3904   0x00000098   Code   RO         2108    .text.mf_showfree   fattester.o
    0x080b399c   0x080b399c   0x0000000e   Code   RO         2114    .text.mf_size       fattester.o
    0x080b39aa   0x080b39aa   0x00000002   PAD
    0x080b39ac   0x080b39ac   0x0000000e   Code   RO         2112    .text.mf_tell       fattester.o
    0x080b39ba   0x080b39ba   0x00000002   PAD
    0x080b39bc   0x080b39bc   0x00000004   Code   RO         2120    .text.mf_unlink     fattester.o
    0x080b39c0   0x080b39c0   0x000000c8   Code   RO         2098    .text.mf_write      fattester.o
    0x080b3a88   0x080b3a88   0x00000400   Code   RO         1812    .text.mount_volume  ff.o
    0x080b3e88   0x080b3e88   0x0000008a   Code   RO         1826    .text.move_window   ff.o
    0x080b3f12   0x080b3f12   0x00000002   PAD
    0x080b3f14   0x080b3f14   0x00000030   Code   RO         1945    .text.my_mem_init   malloc.o
    0x080b3f44   0x080b3f44   0x00000044   Code   RO         1947    .text.my_mem_perused  malloc.o
    0x080b3f88   0x080b3f88   0x00000070   Code   RO         1953    .text.myfree        malloc.o
    0x080b3ff8   0x080b3ff8   0x000000bc   Code   RO         1955    .text.mymalloc      malloc.o
    0x080b40b4   0x080b40b4   0x000000d0   Code   RO         1755    .text.norflash_erase_sector  norflash.o
    0x080b4184   0x080b4184   0x0000013e   Code   RO         1741    .text.norflash_init  norflash.o
    0x080b42c2   0x080b42c2   0x00000002   PAD
    0x080b42c4   0x080b42c4   0x00000078   Code   RO         1751    .text.norflash_read  norflash.o
    0x080b433c   0x080b433c   0x000000bc   Code   RO         1753    .text.norflash_write  norflash.o
    0x080b43f8   0x080b43f8   0x000000fa   Code   RO         1757    .text.norflash_write_nocheck  norflash.o
    0x080b44f2   0x080b44f2   0x00000002   PAD
    0x080b44f4   0x080b44f4   0x000000e0   Code   RO          132    .text.ota_init      ota_net.o
    0x080b45d4   0x080b45d4   0x0000018c   Code   RO          158    .text.ota_init_version  ota_update.o
    0x080b4760   0x080b4760   0x00000154   Code   RO           60    .text.ota_ui_progress  demo.o
    0x080b48b4   0x080b48b4   0x000000fe   Code   RO         1896    .text.put_fat       ff.o
    0x080b49b2   0x080b49b2   0x00000002   PAD
    0x080b49b4   0x080b49b4   0x00000004   Code   RO         1987    .text.read_addr     usmart.o
    0x080b49b8   0x080b49b8   0x000001b4   Code   RO         1824    .text.remove_chain  ff.o
    0x080b4b6c   0x080b4b6c   0x00000180   Code   RO         1716    .text.sd_init       sdio_sdcard.o
    0x080b4cec   0x080b4cec   0x00000060   Code   RO         1724    .text.sd_read_disk  sdio_sdcard.o
    0x080b4d4c   0x080b4d4c   0x00000060   Code   RO         1726    .text.sd_write_disk  sdio_sdcard.o
    0x080b4dac   0x080b4dac   0x0000008e   Code   RO         1771    .text.spi1_init     spi.o
    0x080b4e3a   0x080b4e3a   0x00000002   PAD
    0x080b4e3c   0x080b4e3c   0x0000002e   Code   RO         1773    .text.spi1_read_write_byte  spi.o
    0x080b4e6a   0x080b4e6a   0x00000002   PAD
    0x080b4e6c   0x080b4e6c   0x0000002e   Code   RO         1777    .text.spi1_set_speed  spi.o
    0x080b4e9a   0x080b4e9a   0x00000002   PAD
    0x080b4e9c   0x080b4e9c   0x00000184   Code   RO          138    .text.srv_heartbeat  ota_net.o
    0x080b5020   0x080b5020   0x00000190   Code   RO          134    .text.srv_register  ota_net.o
    0x080b51b0   0x080b51b0   0x0000033c   Code   RO         4168    .text.st_sssa8_ch_nn_mat_mult_kernel_opt  NetworkRuntime1020_CM4_Keil.lib(st_sssa8_ch_nn_mat_mult_kernel_opt.o)
    0x080b54ec   0x080b54ec   0x00000188   Code   RO          170    .text.start_fw_update  ota_update.o
    0x080b5674   0x080b5674   0x00000228   Code   RO          172    .text.start_md_update  ota_update.o
    0x080b589c   0x080b589c   0x00000088   Code   RO         1822    .text.store_xdir    ff.o
    0x080b5924   0x080b5924   0x000000bc   Code   RO         1840    .text.sync_fs       ff.o
    0x080b59e0   0x080b59e0   0x000000ac   Code   RO          256    .text.sys_stm32_clock_init  sys.o
    0x080b5a8c   0x080b5a8c   0x000002fc   Code   RO          122    .text.tcp_conn      ota_net.o
    0x080b5d88   0x080b5d88   0x0000003e   Code   RO          274    .text.usart_init    usart.o
    0x080b5dc6   0x080b5dc6   0x00000002   PAD
    0x080b5dc8   0x080b5dc8   0x000000c2   Code   RO         1981    .text.usmart_cmd_rec  usmart.o
    0x080b5e8a   0x080b5e8a   0x00000002   PAD
    0x080b5e8c   0x080b5e8c   0x00000280   Code   RO         1983    .text.usmart_exe    usmart.o
    0x080b610c   0x080b610c   0x00000118   Code   RO         2044    .text.usmart_get_aparm  usmart_str.o
    0x080b6224   0x080b6224   0x0000003e   Code   RO         2038    .text.usmart_get_cmdname  usmart_str.o
    0x080b6262   0x080b6262   0x00000002   PAD
    0x080b6264   0x080b6264   0x000001e6   Code   RO         2042    .text.usmart_get_fname  usmart_str.o
    0x080b644a   0x080b644a   0x00000002   PAD
    0x080b644c   0x080b644c   0x00000162   Code   RO         2048    .text.usmart_get_fparam  usmart_str.o
    0x080b65ae   0x080b65ae   0x00000002   PAD
    0x080b65b0   0x080b65b0   0x0000002a   Code   RO         2009    .text.usmart_get_input_string  usmart_port.o
    0x080b65da   0x080b65da   0x00000002   PAD
    0x080b65dc   0x080b65dc   0x00000024   Code   RO         2046    .text.usmart_get_parmpos  usmart_str.o
    0x080b6600   0x080b6600   0x00000020   Code   RO         1979    .text.usmart_init   usmart.o
    0x080b6620   0x080b6620   0x000000a0   Code   RO         1985    .text.usmart_scan   usmart.o
    0x080b66c0   0x080b66c0   0x00000106   Code   RO         2036    .text.usmart_str2num  usmart_str.o
    0x080b67c6   0x080b67c6   0x00000002   PAD
    0x080b67c8   0x080b67c8   0x00000024   Code   RO         2028    .text.usmart_strcmp  usmart_str.o
    0x080b67ec   0x080b67ec   0x000003d4   Code   RO         1977    .text.usmart_sys_cmd_exe  usmart.o
    0x080b6bc0   0x080b6bc0   0x00000034   Code   RO         2013    .text.usmart_timx_get_time  usmart_port.o
    0x080b6bf4   0x080b6bf4   0x0000005e   Code   RO         2015    .text.usmart_timx_init  usmart_port.o
    0x080b6c52   0x080b6c52   0x00000002   PAD
    0x080b6c54   0x080b6c54   0x0000002a   Code   RO         2011    .text.usmart_timx_reset_time  usmart_port.o
    0x080b6c7e   0x080b6c7e   0x00000002   PAD
    0x080b6c80   0x080b6c80   0x0000017c   Code   RO          118    .text.wifi_connect  ota_net.o
    0x080b6dfc   0x080b6dfc   0x00000004   Code   RO         1989    .text.write_addr    usmart.o
    0x080b6e00   0x080b6e00   0x000000e0   Code   RO          168    .text.write_update_flag  ota_update.o
    0x080b6ee0   0x080b6ee0   0x00000020   Code   RO         4551    i.__0printf         mc_w.l(printfa.o)
    0x080b6f00   0x080b6f00   0x00000034   Code   RO         4552    i.__0snprintf       mc_w.l(printfa.o)
    0x080b6f34   0x080b6f34   0x00000028   Code   RO         4553    i.__0sprintf        mc_w.l(printfa.o)
    0x080b6f5c   0x080b6f5c   0x00000024   Code   RO         4557    i.__0vsprintf       mc_w.l(printfa.o)
    0x080b6f80   0x080b6f80   0x00000008   Code   RO         4668    i.__aeabi_errno_addr  mc_w.l(errno.o)
    0x080b6f88   0x080b6f88   0x0000000e   Code   RO         4734    i.__scatterload_copy  mc_w.l(handlers.o)
    0x080b6f96   0x080b6f96   0x00000002   Code   RO         4735    i.__scatterload_null  mc_w.l(handlers.o)
    0x080b6f98   0x080b6f98   0x0000000e   Code   RO         4736    i.__scatterload_zeroinit  mc_w.l(handlers.o)
    0x080b6fa6   0x080b6fa6   0x00000012   Code   RO         2820    i._ai_forward_layer  NetworkRuntime1020_CM4_Keil.lib(layers.o)
    0x080b6fb8   0x080b6fb8   0x000000e0   Code   RO         2447    i._ai_platform_get_io_buffers_info  NetworkRuntime1020_CM4_Keil.lib(ai_platform_interface.o)
    0x080b7098   0x080b7098   0x00000184   Code   RO         4558    i._fp_digits        mc_w.l(printfa.o)
    0x080b721c   0x080b721c   0x00000020   Code   RO         2740    i._get_lut_size     NetworkRuntime1020_CM4_Keil.lib(ai_datatypes_format.o)
    0x080b723c   0x080b723c   0x0000004c   Code   RO         2448    i._platform_ai_buffer_array_copy  NetworkRuntime1020_CM4_Keil.lib(ai_platform_interface.o)
    0x080b7288   0x080b7288   0x00000050   Code   RO         2449    i._platform_get_table_map_from_buffer  NetworkRuntime1020_CM4_Keil.lib(ai_platform_interface.o)
    0x080b72d8   0x080b72d8   0x00000044   Code   RO         2450    i._platform_get_table_map_from_buffer_array  NetworkRuntime1020_CM4_Keil.lib(ai_platform_interface.o)
    0x080b731c   0x080b731c   0x00000014   Code   RO         2451    i._platform_network_buffers_signature_valid  NetworkRuntime1020_CM4_Keil.lib(ai_platform_interface.o)
    0x080b7330   0x080b7330   0x00000210   Code   RO         2452    i._platform_network_io_bind  NetworkRuntime1020_CM4_Keil.lib(ai_platform_interface.o)
    0x080b7540   0x080b7540   0x0000003e   Code   RO         2453    i._platform_network_state_setup  NetworkRuntime1020_CM4_Keil.lib(ai_platform_interface.o)
    0x080b757e   0x080b757e   0x00000068   Code   RO         2454    i._platform_network_state_update_input  NetworkRuntime1020_CM4_Keil.lib(ai_platform_interface.o)
    0x080b75e6   0x080b75e6   0x0000007c   Code   RO         2455    i._platform_network_state_update_output  NetworkRuntime1020_CM4_Keil.lib(ai_platform_interface.o)
    0x080b7662   0x080b7662   0x00000002   PAD
    0x080b7664   0x080b7664   0x000006dc   Code   RO         4559    i._printf_core      mc_w.l(printfa.o)
    0x080b7d40   0x080b7d40   0x00000024   Code   RO         4560    i._printf_post_padding  mc_w.l(printfa.o)
    0x080b7d64   0x080b7d64   0x0000002e   Code   RO         4561    i._printf_pre_padding  mc_w.l(printfa.o)
    0x080b7d92   0x080b7d92   0x00000016   Code   RO         4562    i._snputc           mc_w.l(printfa.o)
    0x080b7da8   0x080b7da8   0x0000000a   Code   RO         4563    i._sputc            mc_w.l(printfa.o)
    0x080b7db2   0x080b7db2   0x00000028   Code   RO         2745    i.ai_array_get_byte_size  NetworkRuntime1020_CM4_Keil.lib(ai_datatypes_format.o)
    0x080b7dda   0x080b7dda   0x0000001e   Code   RO         2746    i.ai_array_get_data_byte_size  NetworkRuntime1020_CM4_Keil.lib(ai_datatypes_format.o)
    0x080b7df8   0x080b7df8   0x0000012c   Code   RO         2748    i.ai_array_to_buffer_fmt  NetworkRuntime1020_CM4_Keil.lib(ai_datatypes_format.o)
    0x080b7f24   0x080b7f24   0x00000024   Code   RO         2433    i.ai_buffer_array_item_set_address  NetworkRuntime1020_CM4_Keil.lib(ai_platform.o)
    0x080b7f48   0x080b7f48   0x00000012   Code   RO         2434    i.ai_buffer_array_sane  NetworkRuntime1020_CM4_Keil.lib(ai_platform.o)
    0x080b7f5a   0x080b7f5a   0x00000002   PAD
    0x080b7f5c   0x080b7f5c   0x00000068   Code   RO         2436    i.ai_buffer_get_size  NetworkRuntime1020_CM4_Keil.lib(ai_platform.o)
    0x080b7fc4   0x080b7fc4   0x0000002c   Code   RO         2822    i.ai_check_custom_types  NetworkRuntime1020_CM4_Keil.lib(layers.o)
    0x080b7ff0   0x080b7ff0   0x00000036   Code   RO         2825    i.ai_layers_destroy_all  NetworkRuntime1020_CM4_Keil.lib(layers.o)
    0x080b8026   0x080b8026   0x00000050   Code   RO         2826    i.ai_layers_forward_all  NetworkRuntime1020_CM4_Keil.lib(layers.o)
    0x080b8076   0x080b8076   0x0000001e   Code   RO         2827    i.ai_layers_init_all  NetworkRuntime1020_CM4_Keil.lib(layers.o)
    0x080b8094   0x080b8094   0x00000036   Code   RO         2828    i.ai_layers_post_init_all  NetworkRuntime1020_CM4_Keil.lib(layers.o)
    0x080b80ca   0x080b80ca   0x000000ae   Code   RO         3998    i.ai_padding_opt_init  NetworkRuntime1020_CM4_Keil.lib(st_padding_opt.o)
    0x080b8178   0x080b8178   0x00000034   Code   RO         3999    i.ai_padding_opt_phase1  NetworkRuntime1020_CM4_Keil.lib(st_padding_opt.o)
    0x080b81ac   0x080b81ac   0x00000026   Code   RO         2924    i.ai_padding_opt_phase2  NetworkRuntime1020_CM4_Keil.lib(forward_lite_conv2d_sssa8_ch.o)
    0x080b81d2   0x080b81d2   0x00000002   PAD
    0x080b81d4   0x080b81d4   0x00000188   Code   RO         2457    i.ai_platform_api_get_network_report  NetworkRuntime1020_CM4_Keil.lib(ai_platform_interface.o)
    0x080b835c   0x080b835c   0x0000000c   Code   RO         2458    i.ai_platform_api_get_version  NetworkRuntime1020_CM4_Keil.lib(ai_platform_interface.o)
    0x080b8368   0x080b8368   0x0000002c   Code   RO         2459    i.ai_platform_bind_network_params  NetworkRuntime1020_CM4_Keil.lib(ai_platform_interface.o)
    0x080b8394   0x080b8394   0x00000014   Code   RO         2460    i.ai_platform_context_acquire  NetworkRuntime1020_CM4_Keil.lib(ai_platform_interface.o)
    0x080b83a8   0x080b83a8   0x0000002c   Code   RO         2462    i.ai_platform_get_activations_map  NetworkRuntime1020_CM4_Keil.lib(ai_platform_interface.o)
    0x080b83d4   0x080b83d4   0x00000028   Code   RO         2463    i.ai_platform_get_weights_map  NetworkRuntime1020_CM4_Keil.lib(ai_platform_interface.o)
    0x080b83fc   0x080b83fc   0x00000042   Code   RO         2464    i.ai_platform_inputs_get  NetworkRuntime1020_CM4_Keil.lib(ai_platform_interface.o)
    0x080b843e   0x080b843e   0x00000002   PAD
    0x080b8440   0x080b8440   0x0000000c   Code   RO         2465    i.ai_platform_interface_api_get_version  NetworkRuntime1020_CM4_Keil.lib(ai_platform_interface.o)
    0x080b844c   0x080b844c   0x0000009c   Code   RO         2466    i.ai_platform_network_create  NetworkRuntime1020_CM4_Keil.lib(ai_platform_interface.o)
    0x080b84e8   0x080b84e8   0x00000024   Code   RO         2467    i.ai_platform_network_destroy  NetworkRuntime1020_CM4_Keil.lib(ai_platform_interface.o)
    0x080b850c   0x080b850c   0x0000001c   Code   RO         2468    i.ai_platform_network_get_error  NetworkRuntime1020_CM4_Keil.lib(ai_platform_interface.o)
    0x080b8528   0x080b8528   0x00000118   Code   RO         2469    i.ai_platform_network_init  NetworkRuntime1020_CM4_Keil.lib(ai_platform_interface.o)
    0x080b8640   0x080b8640   0x00000050   Code   RO         2470    i.ai_platform_network_post_init  NetworkRuntime1020_CM4_Keil.lib(ai_platform_interface.o)
    0x080b8690   0x080b8690   0x00000054   Code   RO         2471    i.ai_platform_network_process  NetworkRuntime1020_CM4_Keil.lib(ai_platform_interface.o)
    0x080b86e4   0x080b86e4   0x0000000c   Code   RO         2472    i.ai_platform_network_set_error  NetworkRuntime1020_CM4_Keil.lib(ai_platform_interface.o)
    0x080b86f0   0x080b86f0   0x00000048   Code   RO         2478    i.ai_platform_outputs_get  NetworkRuntime1020_CM4_Keil.lib(ai_platform_interface.o)
    0x080b8738   0x080b8738   0x00000008   Code   RO         2479    i.ai_platform_runtime_get_revision  NetworkRuntime1020_CM4_Keil.lib(ai_platform_interface.o)
    0x080b8740   0x080b8740   0x0000000c   Code   RO         2480    i.ai_platform_runtime_get_version  NetworkRuntime1020_CM4_Keil.lib(ai_platform_interface.o)
    0x080b874c   0x080b874c   0x00000018   Code   RO         2769    i.ai_platform_version_get  NetworkRuntime1020_CM4_Keil.lib(ai_datatypes_internal.o)
    0x080b8764   0x080b8764   0x0000000a   Code   RO         2555    i.ai_shape_get_npixels  NetworkRuntime1020_CM4_Keil.lib(layers_conv2d_stm32_integer.o)
    0x080b876e   0x080b876e   0x0000000c   Code   RO         2770    i.ai_version_get    NetworkRuntime1020_CM4_Keil.lib(ai_datatypes_internal.o)
    0x080b877a   0x080b877a   0x00000002   PAD
    0x080b877c   0x080b877c   0x0000004c   Code   RO         3045    i.align_factor_ch   NetworkRuntime1020_CM4_Keil.lib(st_align_factor.o)
    0x080b87c8   0x080b87c8   0x0000000c   Code   RO         2780    i.core_get_error    NetworkRuntime1020_CM4_Keil.lib(core_common.o)
    0x080b87d4   0x080b87d4   0x00000004   Code   RO         2781    i.core_init         NetworkRuntime1020_CM4_Keil.lib(core_common.o)
    0x080b87d8   0x080b87d8   0x0000000c   Code   RO         2522    i.core_nl_get_params  NetworkRuntime1020_CM4_Keil.lib(layers_conv2d_sssa8_ch.o)
    0x080b87e4   0x080b87e4   0x00000012   Code   RO         2523    i.core_nl_get_params_ptr  NetworkRuntime1020_CM4_Keil.lib(layers_conv2d_sssa8_ch.o)
    0x080b87f6   0x080b87f6   0x0000001a   Code   RO         2782    i.core_set_error    NetworkRuntime1020_CM4_Keil.lib(core_common.o)
    0x080b8810   0x080b8810   0x000000aa   Code   RO         2710    i.forward_ap_integer_INT8  NetworkRuntime1020_CM4_Keil.lib(layers_pool_stm32_integer.o)
    0x080b88ba   0x080b88ba   0x0000024a   Code   RO         2527    i.forward_conv2d_deep_sssa8_ch  NetworkRuntime1020_CM4_Keil.lib(layers_conv2d_sssa8_ch.o)
    0x080b8b04   0x080b8b04   0x00000268   Code   RO         2531    i.forward_conv2d_sssa8_ch  NetworkRuntime1020_CM4_Keil.lib(layers_conv2d_sssa8_ch.o)
    0x080b8d6c   0x080b8d6c   0x0000016e   Code   RO         2573    i.forward_dense_integer_SSSA_ch  NetworkRuntime1020_CM4_Keil.lib(layers_conv2d_stm32_integer.o)
    0x080b8eda   0x080b8eda   0x00000050   Code   RO         2916    i.forward_lite_avepool_is8os8  NetworkRuntime1020_CM4_Keil.lib(forward_lite_avepool_is8os8.o)
    0x080b8f2a   0x080b8f2a   0x00000156   Code   RO         2926    i.forward_lite_conv2d_deep_sssa8_ch  NetworkRuntime1020_CM4_Keil.lib(forward_lite_conv2d_sssa8_ch.o)
    0x080b9080   0x080b9080   0x000006be   Code   RO         2929    i.forward_lite_conv2d_sssa8_ch  NetworkRuntime1020_CM4_Keil.lib(forward_lite_conv2d_sssa8_ch.o)
    0x080b973e   0x080b973e   0x0000005e   Code   RO         2892    i.forward_lite_dense_is8os8ws8_ch  NetworkRuntime1020_CM4_Keil.lib(forward_lite_dense_is8os8ws8_ch.o)
    0x080b979c   0x080b979c   0x0000013c   Code   RO         2950    i.forward_lite_maxpool_is8os8_scaleneg  NetworkRuntime1020_CM4_Keil.lib(forward_lite_maxpool_is8os8.o)
    0x080b98d8   0x080b98d8   0x00000140   Code   RO         2908    i.forward_lite_maxpool_is8os8_scalepos  NetworkRuntime1020_CM4_Keil.lib(forward_lite_maxpool_is8os8_scalepos.o)
    0x080b9a18   0x080b9a18   0x00000048   Code   RO         4172    i.forward_lite_pad_8bit_ch1st_3x3_constant_P0022  NetworkRuntime1020_CM4_Keil.lib(forward_lite_pad_generic.o)
    0x080b9a60   0x080b9a60   0x00000118   Code   RO         4173    i.forward_lite_pad_8bit_ch1st_3x3_constant_P1111  NetworkRuntime1020_CM4_Keil.lib(forward_lite_pad_generic.o)
    0x080b9b78   0x080b9b78   0x000000e8   Code   RO         4174    i.forward_lite_pad_constant  NetworkRuntime1020_CM4_Keil.lib(forward_lite_pad_generic.o)
    0x080b9c60   0x080b9c60   0x000000a8   Code   RO         4175    i.forward_lite_pad_edge  NetworkRuntime1020_CM4_Keil.lib(forward_lite_pad_generic.o)
    0x080b9d08   0x080b9d08   0x000000ea   Code   RO         4176    i.forward_lite_pad_reflect  NetworkRuntime1020_CM4_Keil.lib(forward_lite_pad_generic.o)
    0x080b9df2   0x080b9df2   0x000000aa   Code   RO         2714    i.forward_mp_integer_INT8  NetworkRuntime1020_CM4_Keil.lib(layers_pool_stm32_integer.o)
    0x080b9e9c   0x080b9e9c   0x00000022   Code   RO         2635    i.forward_pad       NetworkRuntime1020_CM4_Keil.lib(layers_generic_float.o)
    0x080b9ebe   0x080b9ebe   0x000000ae   Code   RO         2848    i.forward_pad_8bit_ch1st_3x3_constant  NetworkRuntime1020_CM4_Keil.lib(layers_pad_generic.o)
    0x080b9f6c   0x080b9f6c   0x000000b4   Code   RO         2849    i.forward_pad_constant  NetworkRuntime1020_CM4_Keil.lib(layers_pad_generic.o)
    0x080ba020   0x080ba020   0x00000098   Code   RO         2850    i.forward_pad_edge  NetworkRuntime1020_CM4_Keil.lib(layers_pad_generic.o)
    0x080ba0b8   0x080ba0b8   0x000000ca   Code   RO         2851    i.forward_pad_reflect  NetworkRuntime1020_CM4_Keil.lib(layers_pad_generic.o)
    0x080ba182   0x080ba182   0x00000002   PAD
    0x080ba184   0x080ba184   0x00000028   Code   RO         2771    i.get_tensor_byte_size  NetworkRuntime1020_CM4_Keil.lib(ai_datatypes_internal.o)
    0x080ba1ac   0x080ba1ac   0x000000c8   Code   RO         2717    i.pool_func_ap_array_integer_INT8  NetworkRuntime1020_CM4_Keil.lib(layers_pool_stm32_integer.o)
    0x080ba274   0x080ba274   0x000000d0   Code   RO         2720    i.pool_func_mp_array_integer_INT8  NetworkRuntime1020_CM4_Keil.lib(layers_pool_stm32_integer.o)
    0x080ba344   0x080ba344   0x0000000c   Code   RO         4286    i.putchar           mc_w.l(putchar.o)
    0x080ba350   0x080ba350   0x00000024   Code   RO         4284    i.puts              mc_w.l(puts.o)
    0x080ba374   0x080ba374   0x00000038   Code   RO         4022    i.st_int16_fill     NetworkRuntime1020_CM4_Keil.lib(st_int16_fill.o)
    0x080ba3ac   0x080ba3ac   0x00000154   Code   RO         4008    i.st_int8_avepool   NetworkRuntime1020_CM4_Keil.lib(st_int8_pool.o)
    0x080ba500   0x080ba500   0x00000090   Code   RO         3294    i.st_int8_copy      NetworkRuntime1020_CM4_Keil.lib(st_int8_fill.o)
    0x080ba590   0x080ba590   0x00000064   Code   RO         3295    i.st_int8_fill      NetworkRuntime1020_CM4_Keil.lib(st_int8_fill.o)
    0x080ba5f4   0x080ba5f4   0x00000052   Code   RO         4204    i.st_int8_reordered_no_shift_zero  NetworkRuntime1020_CM4_Keil.lib(st_int8_reordered_no_shift.o)
    0x080ba646   0x080ba646   0x00000002   PAD
    0x080ba648   0x080ba648   0x0000025e   Code   RO         3982    i.st_int8_to16_dual  NetworkRuntime1020_CM4_Keil.lib(st_int8_to16_no_shift.o)
    0x080ba8a6   0x080ba8a6   0x00000002   PAD
    0x080ba8a8   0x080ba8a8   0x000001ea   Code   RO         3983    i.st_int8_to16_dual_interleaved  NetworkRuntime1020_CM4_Keil.lib(st_int8_to16_no_shift.o)
    0x080baa92   0x080baa92   0x00000002   PAD
    0x080baa94   0x080baa94   0x00000108   Code   RO         3984    i.st_int8_to16_no_shift  NetworkRuntime1020_CM4_Keil.lib(st_int8_to16_no_shift.o)
    0x080bab9c   0x080bab9c   0x000000c0   Code   RO         3985    i.st_int8_to16_no_shift_interleaved  NetworkRuntime1020_CM4_Keil.lib(st_int8_to16_no_shift.o)
    0x080bac5c   0x080bac5c   0x00000044   Code   RO         4072    i.st_sssa8_ch_1_output_mgt  NetworkRuntime1020_CM4_Keil.lib(st_sssa8_ch_nn_mat_mult_nt_t.o)
    0x080baca0   0x080baca0   0x0000007e   Code   RO         4073    i.st_sssa8_ch_2_output_mgt  NetworkRuntime1020_CM4_Keil.lib(st_sssa8_ch_nn_mat_mult_nt_t.o)
    0x080bad1e   0x080bad1e   0x00000002   PAD
    0x080bad20   0x080bad20   0x000000a4   Code   RO         4030    i.st_sssa8_ch_convolve_rank1upd  NetworkRuntime1020_CM4_Keil.lib(st_sssa8_ch_convolve.o)
    0x080badc4   0x080badc4   0x00000056   Code   RO         4074    i.st_sssa8_ch_fullW_prefetch  NetworkRuntime1020_CM4_Keil.lib(st_sssa8_ch_nn_mat_mult_nt_t.o)
    0x080bae1a   0x080bae1a   0x00000002   PAD
    0x080bae1c   0x080bae1c   0x000003f8   Code   RO         4038    i.st_sssa8_ch_fully_connected  NetworkRuntime1020_CM4_Keil.lib(st_sssa8_ch_dense.o)
    0x080bb214   0x080bb214   0x000009e4   Code   RO         4055    i.st_sssa8_ch_nn_mat_mult_conv2d_nt_t  NetworkRuntime1020_CM4_Keil.lib(st_sssa8_ch_nn_mat_mult_conv2d_nt_t.o)
    0x080bbbf8   0x080bbbf8   0x00000270   Code   RO         4064    i.st_sssa8_ch_nn_mat_mult_kernel_single_opt  NetworkRuntime1020_CM4_Keil.lib(st_sssa8_ch_nn_mat_mult_kernel_single_opt.o)
    0x080bbe68   0x080bbe68   0x00000190   Code   RO         4075    i.weights_2channels_prefetch  NetworkRuntime1020_CM4_Keil.lib(st_sssa8_ch_nn_mat_mult_nt_t.o)
    0x080bbff8   0x080bbff8   0x00000084   Code   RO         4076    i.weights_offset_contribution_calc  NetworkRuntime1020_CM4_Keil.lib(st_sssa8_ch_nn_mat_mult_nt_t.o)
    0x080bc07c   0x080bc07c   0x00000068   Data   RO         2481    .constdata          NetworkRuntime1020_CM4_Keil.lib(ai_platform_interface.o)
    0x080bc0e4   0x080bc0e4   0x00000081   Data   RO         4699    .constdata          mc_w.l(ctype_o.o)
    0x080bc165   0x080bc165   0x00000003   PAD
    0x080bc168   0x080bc168   0x00000004   Data   RO         4700    .constdata          mc_w.l(ctype_o.o)
    0x080bc16c   0x080bc16c   0x00000004   PAD
    0x080bc170   0x080bc170   0x00000008   Data   RO         2413    .rodata..L__const.ai_network_data_params_get.map_activations  network_data.o
    0x080bc178   0x080bc178   0x00000008   Data   RO         2414    .rodata..L__const.ai_network_data_params_get.map_weights  network_data.o
    0x080bc180   0x080bc180   0x0000000e   Data   RO         1641    .rodata..Lswitch.table.lcd_scan_dir.1  lcd.o
    0x080bc18e   0x080bc18e   0x00000002   PAD
    0x080bc190   0x080bc190   0x00000004   Data   RO         2308    .rodata..compoundliteral.114  network.o
    0x080bc194   0x080bc194   0x00000001   Data   RO         2309    .rodata..compoundliteral.115  network.o
    0x080bc195   0x080bc195   0x00000003   PAD
    0x080bc198   0x080bc198   0x00000008   Data   RO         2310    .rodata..compoundliteral.116  network.o
    0x080bc1a0   0x080bc1a0   0x00000004   Data   RO         2322    .rodata..compoundliteral.125  network.o
    0x080bc1a4   0x080bc1a4   0x00000001   Data   RO         2323    .rodata..compoundliteral.126  network.o
    0x080bc1a5   0x080bc1a5   0x00000003   PAD
    0x080bc1a8   0x080bc1a8   0x00000008   Data   RO         2324    .rodata..compoundliteral.127  network.o
    0x080bc1b0   0x080bc1b0   0x00000004   Data   RO         2335    .rodata..compoundliteral.136  network.o
    0x080bc1b4   0x080bc1b4   0x00000001   Data   RO         2336    .rodata..compoundliteral.137  network.o
    0x080bc1b5   0x080bc1b5   0x00000003   PAD
    0x080bc1b8   0x080bc1b8   0x00000008   Data   RO         2337    .rodata..compoundliteral.138  network.o
    0x080bc1c0   0x080bc1c0   0x00000040   Data   RO         2343    .rodata..compoundliteral.142  network.o
    0x080bc200   0x080bc200   0x00000010   Data   RO         2344    .rodata..compoundliteral.143  network.o
    0x080bc210   0x080bc210   0x00000008   Data   RO         2345    .rodata..compoundliteral.144  network.o
    0x080bc218   0x080bc218   0x00000004   Data   RO         2364    .rodata..compoundliteral.159  network.o
    0x080bc21c   0x080bc21c   0x00000001   Data   RO         2365    .rodata..compoundliteral.160  network.o
    0x080bc21d   0x080bc21d   0x00000003   PAD
    0x080bc220   0x080bc220   0x00000008   Data   RO         2366    .rodata..compoundliteral.161  network.o
    0x080bc228   0x080bc228   0x00000020   Data   RO         2380    .rodata..compoundliteral.173  network.o
    0x080bc248   0x080bc248   0x00000008   Data   RO         2381    .rodata..compoundliteral.174  network.o
    0x080bc250   0x080bc250   0x00000008   Data   RO         2382    .rodata..compoundliteral.175  network.o
    0x080bc258   0x080bc258   0x00000004   Data   RO         2189    .rodata..compoundliteral.23  network.o
    0x080bc25c   0x080bc25c   0x00000001   Data   RO         2190    .rodata..compoundliteral.24  network.o
    0x080bc25d   0x080bc25d   0x00000003   PAD
    0x080bc260   0x080bc260   0x00000008   Data   RO         2191    .rodata..compoundliteral.25  network.o
    0x080bc268   0x080bc268   0x00000004   Data   RO         2197    .rodata..compoundliteral.29  network.o
    0x080bc26c   0x080bc26c   0x00000001   Data   RO         2198    .rodata..compoundliteral.30  network.o
    0x080bc26d   0x080bc26d   0x00000003   PAD
    0x080bc270   0x080bc270   0x00000008   Data   RO         2199    .rodata..compoundliteral.31  network.o
    0x080bc278   0x080bc278   0x00000004   Data   RO         2234    .rodata..compoundliteral.54  network.o
    0x080bc27c   0x080bc27c   0x00000001   Data   RO         2235    .rodata..compoundliteral.55  network.o
    0x080bc27d   0x080bc27d   0x00000003   PAD
    0x080bc280   0x080bc280   0x00000008   Data   RO         2236    .rodata..compoundliteral.56  network.o
    0x080bc288   0x080bc288   0x00000020   Data   RO         2242    .rodata..compoundliteral.60  network.o
    0x080bc2a8   0x080bc2a8   0x00000008   Data   RO         2243    .rodata..compoundliteral.61  network.o
    0x080bc2b0   0x080bc2b0   0x00000008   Data   RO         2244    .rodata..compoundliteral.62  network.o
    0x080bc2b8   0x080bc2b8   0x00000004   Data   RO         2263    .rodata..compoundliteral.77  network.o
    0x080bc2bc   0x080bc2bc   0x00000001   Data   RO         2264    .rodata..compoundliteral.78  network.o
    0x080bc2bd   0x080bc2bd   0x00000003   PAD
    0x080bc2c0   0x080bc2c0   0x00000008   Data   RO         2265    .rodata..compoundliteral.79  network.o
    0x080bc2c8   0x080bc2c8   0x00000004   Data   RO         2276    .rodata..compoundliteral.88  network.o
    0x080bc2cc   0x080bc2cc   0x00000001   Data   RO         2277    .rodata..compoundliteral.89  network.o
    0x080bc2cd   0x080bc2cd   0x00000003   PAD
    0x080bc2d0   0x080bc2d0   0x00000008   Data   RO         2278    .rodata..compoundliteral.90  network.o
    0x080bc2d8   0x080bc2d8   0x00000040   Data   RO         2287    .rodata..compoundliteral.97  network.o
    0x080bc318   0x080bc318   0x00000010   Data   RO         2288    .rodata..compoundliteral.98  network.o
    0x080bc328   0x080bc328   0x00000008   Data   RO         2289    .rodata..compoundliteral.99  network.o
    0x080bc330   0x080bc330   0x00000010   Data   RO           50    .rodata.AHBPrescTable  system_stm32f4xx.o
    0x080bc340   0x080bc340   0x00000008   Data   RO           51    .rodata.APBPrescTable  system_stm32f4xx.o
    0x080bc348   0x080bc348   0x0000000d   Data   RO         1905    .rodata.LfnOfs      ff.o
    0x080bc355   0x080bc355   0x00000474   Data   RO         1633    .rodata.asc2_1206   lcd.o
    0x080bc7c9   0x080bc7c9   0x000005f0   Data   RO         1634    .rodata.asc2_1608   lcd.o
    0x080bcdb9   0x080bcdb9   0x00000d5c   Data   RO         1635    .rodata.asc2_2412   lcd.o
    0x080bdb15   0x080bdb15   0x000017c0   Data   RO         1636    .rodata.asc2_3216   lcd.o
    0x080bf2d5   0x080bf2d5   0x00000003   PAD
    0x080bf2d8   0x080bf2d8   0x00000008   Data   RO         2216    .rodata.conv2d_13_chain  network.o
    0x080bf2e0   0x080bf2e0   0x00000008   Data   RO         2258    .rodata.conv2d_13_output_array_intq  network.o
    0x080bf2e8   0x080bf2e8   0x00000008   Data   RO         2212    .rodata.conv2d_13_pad_before_chain  network.o
    0x080bf2f0   0x080bf2f0   0x00000008   Data   RO         2271    .rodata.conv2d_13_pad_before_output_array_intq  network.o
    0x080bf2f8   0x080bf2f8   0x00000010   Data   RO         2214    .rodata.conv2d_13_pad_before_value  network.o
    0x080bf308   0x080bf308   0x00000001   Data   RO         2311    .rodata.conv2d_13_pad_before_value_data  network.o
    0x080bf309   0x080bf309   0x00000003   PAD
    0x080bf30c   0x080bf30c   0x00000008   Data   RO         2282    .rodata.conv2d_13_weights_array_intq  network.o
    0x080bf314   0x080bf314   0x00000008   Data   RO         2200    .rodata.conv2d_1_chain  network.o
    0x080bf31c   0x080bf31c   0x00000008   Data   RO         2359    .rodata.conv2d_1_output_array_intq  network.o
    0x080bf324   0x080bf324   0x00000008   Data   RO         2375    .rodata.conv2d_1_weights_array_intq  network.o
    0x080bf32c   0x080bf32c   0x00000008   Data   RO         2206    .rodata.conv2d_7_chain  network.o
    0x080bf334   0x080bf334   0x00000008   Data   RO         2317    .rodata.conv2d_7_output_array_intq  network.o
    0x080bf33c   0x080bf33c   0x00000008   Data   RO         2338    .rodata.conv2d_7_weights_array_intq  network.o
    0x080bf344   0x080bf344   0x00000012   Data   RO         1901    .rodata.f_setlabel.badchr  ff.o
    0x080bf356   0x080bf356   0x00000002   PAD
    0x080bf358   0x080bf358   0x00000008   Data   RO         2223    .rodata.gemm_16_chain  network.o
    0x080bf360   0x080bf360   0x00000008   Data   RO         2192    .rodata.gemm_16_output_array_intq  network.o
    0x080bf368   0x080bf368   0x00000008   Data   RO         2237    .rodata.gemm_16_weights_array_intq  network.o
    0x080bf370   0x080bf370   0x0000000c   Data   RO         1960    .rodata.memblksize  malloc.o
    0x080bf37c   0x080bf37c   0x0000000c   Data   RO         1961    .rodata.memsize     malloc.o
    0x080bf388   0x080bf388   0x0000000c   Data   RO         1959    .rodata.memtblsize  malloc.o
    0x080bf394   0x080bf394   0x00015484   Data   RO         1935    .rodata.oem2uni936  ffunicode.o
    0x080d4818   0x080d4818   0x00000008   Data   RO         2209    .rodata.pool_10_chain  network.o
    0x080d4820   0x080d4820   0x00000008   Data   RO         2303    .rodata.pool_10_output_array_intq  network.o
    0x080d4828   0x080d4828   0x00000008   Data   RO         2220    .rodata.pool_15_chain  network.o
    0x080d4830   0x080d4830   0x00000008   Data   RO         2229    .rodata.pool_15_output_array_intq  network.o
    0x080d4838   0x080d4838   0x00000008   Data   RO         2203    .rodata.pool_4_chain  network.o
    0x080d4840   0x080d4840   0x00000008   Data   RO         2330    .rodata.pool_4_output_array_intq  network.o
    0x080d4848   0x080d4848   0x00000018   PAD
    0x080d4860   0x080d4860   0x000005e8   Data   RO         2424    .rodata.s_network_weights_array_u64  network_data_params.o
    0x080d4e48   0x080d4e48   0x00000008   Data   RO         2184    .rodata.serving_default_keras_tensor0_output_array_intq  network.o
    0x080d4e50   0x080d4e50   0x00000342   Data   RO           85    .rodata.str1.1      demo.o
    0x080d5192   0x080d5192   0x000002b6   Data   RO          146    .rodata.str1.1      ota_net.o
    0x080d5448   0x080d5448   0x000000f4   Data   RO          175    .rodata.str1.1      ota_update.o
    0x080d553c   0x080d553c   0x0000008b   Data   RO          208    .rodata.str1.1      model_engine.o
    0x080d55c7   0x080d55c7   0x000000f5   Data   RO         1732    .rodata.str1.1      sdio_sdcard.o
    0x080d56bc   0x080d56bc   0x000003b3   Data   RO         1991    .rodata.str1.1      usmart.o
    0x080d5a6f   0x080d5a6f   0x00000370   Data   RO         2001    .rodata.str1.1      usmart_config.o
    0x080d5ddf   0x080d5ddf   0x00000005   Data   RO         2050    .rodata.str1.1      usmart_str.o
    0x080d5de4   0x080d5de4   0x000000f2   Data   RO         2135    .rodata.str1.1      fattester.o
    0x080d5ed6   0x080d5ed6   0x00000059   Data   RO         2167    .rodata.str1.1      network.o
    0x080d5f2f   0x080d5f2f   0x00000001   PAD
    0x080d5f30   0x080d5f30   0x00000021   Data   RO           84    .rodata.str1.4      demo.o
    0x080d5f51   0x080d5f51   0x00000003   PAD
    0x080d5f54   0x080d5f54   0x0000000c   Data   RO         1903    .rodata.str1.4      ff.o
    0x080d5f60   0x080d5f60   0x0000001c   Data   RO         1902    .rodata.str2.2      ff.o
    0x080d5f7c   0x080d5f7c   0x000002ae   Data   RO         1936    .rodata.str2.2      ffunicode.o
    0x080d622a   0x080d622a   0x00015484   Data   RO         1934    .rodata.uni2oem936  ffunicode.o
    0x080eb6ae   0x080eb6ae   0x00000002   PAD
    0x080eb6b0   0x080eb6b0   0x00000040   Data   RO         4733    Region$$Table       anon$$obj.o


    Execution Region RW_CCM_BASE (Exec base: 0x10000000, Load base: 0x080eba00, Size: 0x00007000, Max: 0x00007000, ABSOLUTE, UNINIT)

    Exec Addr    Load Addr    Size         Type   Attr      Idx    E Section Name        Object

    0x10000000        -       0x00007000   Zero   RW         1963    .bss.ARM.__at_0x10000000  malloc.o


    Execution Region RW_CCM_DATA (Exec base: 0x10007000, Load base: 0x080eba00, Size: 0x000078c0, Max: 0x00009000, ABSOLUTE, COMPRESSED[0x00000348])

    Exec Addr    Load Addr    Size         Type   Attr      Idx    E Section Name        Object

    0x10007000   COMPRESSED   0x00000004   Data   RW         4671    .data               mc_w.l(errno.o)
    0x10007004   COMPRESSED   0x00000010   Data   RW         2168    .data..compoundliteral  network.o
    0x10007014   COMPRESSED   0x00000010   Data   RW         2409    .data..compoundliteral  network_data.o
    0x10007024   COMPRESSED   0x00000010   Data   RW         2290    .data..compoundliteral.100  network.o
    0x10007034   COMPRESSED   0x00000010   Data   RW         2295    .data..compoundliteral.104  network.o
    0x10007044   COMPRESSED   0x00000004   Data   RW         2298    .data..compoundliteral.106  network.o
    0x10007048   COMPRESSED   0x00000010   Data   RW         2304    .data..compoundliteral.111  network.o
    0x10007058   COMPRESSED   0x00000004   Data   RW         2312    .data..compoundliteral.117  network.o
    0x1000705c   COMPRESSED   0x00000030   Data   RW         2316    .data..compoundliteral.121  network.o
    0x1000708c   COMPRESSED   0x00000010   Data   RW         2319    .data..compoundliteral.123  network.o
    0x1000709c   COMPRESSED   0x00000004   Data   RW         2325    .data..compoundliteral.128  network.o
    0x100070a0   COMPRESSED   0x0000000c   Data   RW         2327    .data..compoundliteral.130  network.o
    0x100070ac   COMPRESSED   0x00000004   Data   RW         2328    .data..compoundliteral.131  network.o
    0x100070b0   COMPRESSED   0x00000010   Data   RW         2331    .data..compoundliteral.133  network.o
    0x100070c0   COMPRESSED   0x00000010   Data   RW         2340    .data..compoundliteral.140  network.o
    0x100070d0   COMPRESSED   0x00000010   Data   RW         2346    .data..compoundliteral.145  network.o
    0x100070e0   COMPRESSED   0x00000010   Data   RW         2351    .data..compoundliteral.149  network.o
    0x100070f0   COMPRESSED   0x00000004   Data   RW         2355    .data..compoundliteral.152  network.o
    0x100070f4   COMPRESSED   0x00000030   Data   RW         2358    .data..compoundliteral.155  network.o
    0x10007124   COMPRESSED   0x00000010   Data   RW         2360    .data..compoundliteral.156  network.o
    0x10007134   COMPRESSED   0x00000004   Data   RW         2368    .data..compoundliteral.163  network.o
    0x10007138   COMPRESSED   0x00000010   Data   RW         2373    .data..compoundliteral.168  network.o
    0x10007148   COMPRESSED   0x0000000c   Data   RW         2181    .data..compoundliteral.17  network.o
    0x10007154   COMPRESSED   0x00000010   Data   RW         2377    .data..compoundliteral.171  network.o
    0x10007164   COMPRESSED   0x00000010   Data   RW         2383    .data..compoundliteral.176  network.o
    0x10007174   COMPRESSED   0x00000010   Data   RW         2388    .data..compoundliteral.180  network.o
    0x10007184   COMPRESSED   0x00000010   Data   RW         2185    .data..compoundliteral.20  network.o
    0x10007194   COMPRESSED   0x00000010   Data   RW         2194    .data..compoundliteral.27  network.o
    0x100071a4   COMPRESSED   0x00000010   Data   RW         2201    .data..compoundliteral.32  network.o
    0x100071b4   COMPRESSED   0x00000010   Data   RW         2207    .data..compoundliteral.36  network.o
    0x100071c4   COMPRESSED   0x00000010   Data   RW         2213    .data..compoundliteral.40  network.o
    0x100071d4   COMPRESSED   0x00000004   Data   RW         2224    .data..compoundliteral.46  network.o
    0x100071d8   COMPRESSED   0x00000008   Data   RW         2226    .data..compoundliteral.48  network.o
    0x100071e0   COMPRESSED   0x00000004   Data   RW         2227    .data..compoundliteral.49  network.o
    0x100071e4   COMPRESSED   0x00000030   Data   RW         2228    .data..compoundliteral.50  network.o
    0x10007214   COMPRESSED   0x00000010   Data   RW         2231    .data..compoundliteral.52  network.o
    0x10007224   COMPRESSED   0x00000010   Data   RW         2238    .data..compoundliteral.57  network.o
    0x10007234   COMPRESSED   0x00000010   Data   RW         2246    .data..compoundliteral.64  network.o
    0x10007244   COMPRESSED   0x00000010   Data   RW         2249    .data..compoundliteral.66  network.o
    0x10007254   COMPRESSED   0x0000001c   Data   RW         2171    .data..compoundliteral.7  network.o
    0x10007270   COMPRESSED   0x00000004   Data   RW         2254    .data..compoundliteral.70  network.o
    0x10007274   COMPRESSED   0x00000010   Data   RW         2260    .data..compoundliteral.75  network.o
    0x10007284   COMPRESSED   0x00000004   Data   RW         2172    .data..compoundliteral.8  network.o
    0x10007288   COMPRESSED   0x00000004   Data   RW         2267    .data..compoundliteral.81  network.o
    0x1000728c   COMPRESSED   0x00000030   Data   RW         2270    .data..compoundliteral.84  network.o
    0x100072bc   COMPRESSED   0x00000010   Data   RW         2272    .data..compoundliteral.85  network.o
    0x100072cc   COMPRESSED   0x00000010   Data   RW         2280    .data..compoundliteral.92  network.o
    0x100072dc   COMPRESSED   0x00000010   Data   RW         2284    .data..compoundliteral.95  network.o
    0x100072ec   COMPRESSED   0x0000001c   Data   RW         2293    .data.conv2d_13_bias  network.o
    0x10007308   COMPRESSED   0x00000010   Data   RW         2292    .data.conv2d_13_bias_array  network.o
    0x10007318   COMPRESSED   0x0000001c   Data   RW         2281    .data.conv2d_13_output  network.o
    0x10007334   COMPRESSED   0x0000001c   Data   RW         2262    .data.conv2d_13_output0  network.o
    0x10007350   COMPRESSED   0x0000002c   Data   RW         2215    .data.conv2d_13_pad_before_layer  network.o
    0x1000737c   COMPRESSED   0x00000010   Data   RW         2274    .data.conv2d_13_pad_before_output_array  network.o
    0x1000738c   COMPRESSED   0x00000010   Data   RW         2385    .data.conv2d_1_bias_array  network.o
    0x1000739c   COMPRESSED   0x0000001c   Data   RW         2363    .data.conv2d_1_output  network.o
    0x100073b8   COMPRESSED   0x00000010   Data   RW         2362    .data.conv2d_1_output_array  network.o
    0x100073c8   COMPRESSED   0x0000001c   Data   RW         2390    .data.conv2d_1_scratch0  network.o
    0x100073e4   COMPRESSED   0x0000001c   Data   RW         2379    .data.conv2d_1_weights  network.o
    0x10007400   COMPRESSED   0x0000001c   Data   RW         2349    .data.conv2d_7_bias  network.o
    0x1000741c   COMPRESSED   0x00000010   Data   RW         2348    .data.conv2d_7_bias_array  network.o
    0x1000742c   COMPRESSED   0x00000044   Data   RW         2208    .data.conv2d_7_layer  network.o
    0x10007470   COMPRESSED   0x00000010   Data   RW          174    .data.g_current_ver  ota_update.o
    0x10007480   COMPRESSED   0x0000000c   Data   RW         2423    .data.g_network_activations_table  network_data_params.o
    0x1000748c   COMPRESSED   0x0000001c   Data   RW         2412    .data.g_network_data_map_weights  network_data.o
    0x100074a8   COMPRESSED   0x00000002   Data   RW         1761    .data.g_norflash_type  norflash.o
    0x100074aa   COMPRESSED   0x00000002   PAD
    0x100074ac   COMPRESSED   0x00000004   Data   RW         1637    .data.g_point_color  lcd.o
    0x100074b0   COMPRESSED   0x0000001c   Data   RW         2248    .data.gemm_16_bias  network.o
    0x100074cc   COMPRESSED   0x0000001c   Data   RW         2196    .data.gemm_16_output  network.o
    0x100074e8   COMPRESSED   0x00000010   Data   RW         2251    .data.gemm_16_scratch0_array  network.o
    0x100074f8   COMPRESSED   0x00000010   Data   RW         2240    .data.gemm_16_weights_array  network.o
    0x10007508   COMPRESSED   0x00000004   Data   RW          210    .data.m_out_zp      model_engine.o
    0x1000750c   COMPRESSED   0x00000038   Data   RW         2211    .data.pool_10_layer  network.o
    0x10007544   COMPRESSED   0x0000001c   Data   RW         2307    .data.pool_10_output  network.o
    0x10007560   COMPRESSED   0x00000010   Data   RW         2306    .data.pool_10_output_array  network.o
    0x10007570   COMPRESSED   0x0000001c   Data   RW         2233    .data.pool_15_output  network.o
    0x1000758c   COMPRESSED   0x00000038   Data   RW         2205    .data.pool_4_layer  network.o
    0x100075c4   COMPRESSED   0x0000001c   Data   RW         2334    .data.pool_4_output  network.o
    0x100075e0   COMPRESSED   0x00000010   Data   RW         2333    .data.pool_4_output_array  network.o
    0x100075f0   COMPRESSED   0x00000010   Data   RW         2187    .data.serving_default_keras_tensor0_output_array  network.o
    0x10007600   COMPRESSED   0x000000f4   Data   RW         2003    .data.usmart_dev    usmart_config.o
    0x100076f4   COMPRESSED   0x000000d0   Data   RW         2002    .data.usmart_nametab  usmart_config.o
    0x100077c4   COMPRESSED   0x00000001   Data   RW          350    .data.uwTickFreq    stm32f4xx_hal.o
    0x100077c5   COMPRESSED   0x00000003   PAD
    0x100077c8   COMPRESSED   0x00000004   Data   RW          349    .data.uwTickPrio    stm32f4xx_hal.o
    0x100077cc   COMPRESSED   0x00000004   PAD
    0x100077d0        -       0x00000004   Zero   RW         2300    .bss..compoundliteral.108  network.o
    0x100077d4        -       0x00000008   Zero   RW         2175    .bss..compoundliteral.11  network.o
    0x100077dc        -       0x00000004   Zero   RW         2314    .bss..compoundliteral.119  network.o
    0x100077e0        -       0x0000001c   Zero   RW         2179    .bss..compoundliteral.15  network.o
    0x100077fc        -       0x00000004   Zero   RW         2357    .bss..compoundliteral.154  network.o
    0x10007800        -       0x00000010   Zero   RW         2221    .bss..compoundliteral.44  network.o
    0x10007810        -       0x00000004   Zero   RW         2256    .bss..compoundliteral.72  network.o
    0x10007814        -       0x00000010   Zero   RW         2173    .bss..compoundliteral.9  network.o
    0x10007824        -       0x00000180   Zero   RW          144    .bss.D              ota_net.o
    0x100079a4        -       0x00000008   Zero   RW         1900    .bss.FatFs          ff.o
    0x100079ac   COMPRESSED   0x00000004   PAD
    0x100079b0        -       0x00000258   Zero   RW          193    .bss.dp_file        data_player.o
    0x10007c08        -       0x00000180   Zero   RW         2134    .bss.fattester      fattester.o
    0x10007d88        -       0x00000001   Zero   RW          147    .bss.g_dl_conn      ota_net.o
    0x10007d89        -       0x00000001   Zero   RW           82    .bss.g_dl_pct       demo.o
    0x10007d8a   COMPRESSED   0x00000002   PAD
    0x10007d8c        -       0x00000004   Zero   RW           83    .bss.g_dl_start_tick  demo.o
    0x10007d90        -       0x00000004   Zero   RW         2391    .bss.g_network_weights_map  network.o
    0x10007d94        -       0x00000004   Zero   RW          145    .bss.g_req_buf      ota_net.o
    0x10007d98        -       0x00000020   Zero   RW         1731    .bss.g_sd_card_info_handle  sdio_sdcard.o
    0x10007db8        -       0x00000058   Zero   RW         1779    .bss.g_spi1_handler  spi.o
    0x10007e10        -       0x00000050   Zero   RW         1640    .bss.g_sram_handle  lcd.o
    0x10007e60        -       0x00000001   Zero   RW           87    .bss.g_st           demo.o
    0x10007e61   COMPRESSED   0x00000003   PAD
    0x10007e64        -       0x00000048   Zero   RW         2019    .bss.g_timx_usmart_handle  usmart_port.o
    0x10007eac        -       0x00000044   Zero   RW         1706    .bss.g_uart_handle  atk_mw8266d_uart.o
    0x10007ef0        -       0x000000c8   Zero   RW          285    .bss.g_usart_rx_buf  usart.o
    0x10007fb8        -       0x0000000e   Zero   RW         1639    .bss.lcddev         lcd.o
    0x10007fc6   COMPRESSED   0x00000002   PAD
    0x10007fc8        -       0x00000004   Zero   RW          214    .bss.net_handle     model_engine.o
    0x10007fcc   COMPRESSED   0x00000034   PAD
    0x10008000        -       0x00000700   Zero   RW         1966    .bss.ARM.__at_0x10008000  malloc.o
    0x10008700        -       0x000009c0   Zero   RW          213    .bss.activations    model_engine.o
    0x100090c0        -       0x00001000   Zero   RW         1762    .bss.g_norflash_buf  norflash.o
    0x1000a0c0        -       0x00000800   Zero   RW          149    .bss.g_resp         ota_net.o
    0x1000a8c0        -       0x00004000   Zero   RW          212    .bss.weight_buf     model_engine.o


    Execution Region RW_IRAM1 (Exec base: 0x20000000, Load base: 0x080eb700, Size: 0x0001e1c8, Max: 0x00020000, ABSOLUTE, COMPRESSED[0x00000300])

    Exec Addr    Load Addr    Size         Type   Attr      Idx    E Section Name        Object

    0x20000000   COMPRESSED   0x00000004   Data   RW           13    .ARM.use_no_argv    main.o
    0x20000004   COMPRESSED   0x00000010   Data   RW         2411    .data..compoundliteral.1  network_data.o
    0x20000014   COMPRESSED   0x00000010   Data   RW         2291    .data..compoundliteral.101  network.o
    0x20000024   COMPRESSED   0x00000010   Data   RW         2294    .data..compoundliteral.103  network.o
    0x20000034   COMPRESSED   0x00000004   Data   RW         2299    .data..compoundliteral.107  network.o
    0x20000038   COMPRESSED   0x00000030   Data   RW         2302    .data..compoundliteral.110  network.o
    0x20000068   COMPRESSED   0x00000010   Data   RW         2305    .data..compoundliteral.112  network.o
    0x20000078   COMPRESSED   0x00000004   Data   RW         2313    .data..compoundliteral.118  network.o
    0x2000007c   COMPRESSED   0x0000000c   Data   RW         2176    .data..compoundliteral.12  network.o
    0x20000088   COMPRESSED   0x00000010   Data   RW         2318    .data..compoundliteral.122  network.o
    0x20000098   COMPRESSED   0x00000004   Data   RW         2326    .data..compoundliteral.129  network.o
    0x2000009c   COMPRESSED   0x00000004   Data   RW         2177    .data..compoundliteral.13  network.o
    0x200000a0   COMPRESSED   0x00000030   Data   RW         2329    .data..compoundliteral.132  network.o
    0x200000d0   COMPRESSED   0x00000010   Data   RW         2332    .data..compoundliteral.134  network.o
    0x200000e0   COMPRESSED   0x00000010   Data   RW         2339    .data..compoundliteral.139  network.o
    0x200000f0   COMPRESSED   0x00000010   Data   RW         2347    .data..compoundliteral.146  network.o
    0x20000100   COMPRESSED   0x00000010   Data   RW         2350    .data..compoundliteral.148  network.o
    0x20000110   COMPRESSED   0x00000004   Data   RW         2354    .data..compoundliteral.151  network.o
    0x20000114   COMPRESSED   0x00000010   Data   RW         2361    .data..compoundliteral.157  network.o
    0x20000124   COMPRESSED   0x00000004   Data   RW         2367    .data..compoundliteral.162  network.o
    0x20000128   COMPRESSED   0x0000000c   Data   RW         2369    .data..compoundliteral.164  network.o
    0x20000134   COMPRESSED   0x00000004   Data   RW         2370    .data..compoundliteral.165  network.o
    0x20000138   COMPRESSED   0x00000030   Data   RW         2371    .data..compoundliteral.166  network.o
    0x20000168   COMPRESSED   0x00000010   Data   RW         2372    .data..compoundliteral.167  network.o
    0x20000178   COMPRESSED   0x00000010   Data   RW         2376    .data..compoundliteral.170  network.o
    0x20000188   COMPRESSED   0x00000010   Data   RW         2384    .data..compoundliteral.177  network.o
    0x20000198   COMPRESSED   0x00000010   Data   RW         2387    .data..compoundliteral.179  network.o
    0x200001a8   COMPRESSED   0x00000018   Data   RW         2182    .data..compoundliteral.18  network.o
    0x200001c0   COMPRESSED   0x00000010   Data   RW         2186    .data..compoundliteral.21  network.o
    0x200001d0   COMPRESSED   0x00000010   Data   RW         2193    .data..compoundliteral.26  network.o
    0x200001e0   COMPRESSED   0x00000004   Data   RW         2225    .data..compoundliteral.47  network.o
    0x200001e4   COMPRESSED   0x0000001c   Data   RW         2169    .data..compoundliteral.5  network.o
    0x20000200   COMPRESSED   0x00000010   Data   RW         2230    .data..compoundliteral.51  network.o
    0x20000210   COMPRESSED   0x00000010   Data   RW         2239    .data..compoundliteral.58  network.o
    0x20000220   COMPRESSED   0x00000010   Data   RW         2170    .data..compoundliteral.6  network.o
    0x20000230   COMPRESSED   0x00000010   Data   RW         2245    .data..compoundliteral.63  network.o
    0x20000240   COMPRESSED   0x00000010   Data   RW         2250    .data..compoundliteral.67  network.o
    0x20000250   COMPRESSED   0x00000004   Data   RW         2253    .data..compoundliteral.69  network.o
    0x20000254   COMPRESSED   0x00000030   Data   RW         2257    .data..compoundliteral.73  network.o
    0x20000284   COMPRESSED   0x00000010   Data   RW         2259    .data..compoundliteral.74  network.o
    0x20000294   COMPRESSED   0x00000004   Data   RW         2266    .data..compoundliteral.80  network.o
    0x20000298   COMPRESSED   0x0000000c   Data   RW         2268    .data..compoundliteral.82  network.o
    0x200002a4   COMPRESSED   0x00000004   Data   RW         2269    .data..compoundliteral.83  network.o
    0x200002a8   COMPRESSED   0x00000010   Data   RW         2273    .data..compoundliteral.86  network.o
    0x200002b8   COMPRESSED   0x00000010   Data   RW         2279    .data..compoundliteral.91  network.o
    0x200002c8   COMPRESSED   0x00000010   Data   RW         2283    .data..compoundliteral.94  network.o
    0x200002d8   COMPRESSED   0x00000004   Data   RW           49    .data.SystemCoreClock  system_stm32f4xx.o
    0x200002dc   COMPRESSED   0x00000044   Data   RW         2218    .data.conv2d_13_layer  network.o
    0x20000320   COMPRESSED   0x00000010   Data   RW         2261    .data.conv2d_13_output_array  network.o
    0x20000330   COMPRESSED   0x0000001c   Data   RW         2275    .data.conv2d_13_pad_before_output  network.o
    0x2000034c   COMPRESSED   0x0000001c   Data   RW         2297    .data.conv2d_13_scratch0  network.o
    0x20000368   COMPRESSED   0x00000010   Data   RW         2296    .data.conv2d_13_scratch0_array  network.o
    0x20000378   COMPRESSED   0x0000001c   Data   RW         2286    .data.conv2d_13_weights  network.o
    0x20000394   COMPRESSED   0x00000010   Data   RW         2285    .data.conv2d_13_weights_array  network.o
    0x200003a4   COMPRESSED   0x0000001c   Data   RW         2386    .data.conv2d_1_bias  network.o
    0x200003c0   COMPRESSED   0x00000044   Data   RW         2202    .data.conv2d_1_layer  network.o
    0x20000404   COMPRESSED   0x00000010   Data   RW         2389    .data.conv2d_1_scratch0_array  network.o
    0x20000414   COMPRESSED   0x00000010   Data   RW         2378    .data.conv2d_1_weights_array  network.o
    0x20000424   COMPRESSED   0x0000001c   Data   RW         2321    .data.conv2d_7_output  network.o
    0x20000440   COMPRESSED   0x00000010   Data   RW         2320    .data.conv2d_7_output_array  network.o
    0x20000450   COMPRESSED   0x0000001c   Data   RW         2353    .data.conv2d_7_scratch0  network.o
    0x2000046c   COMPRESSED   0x00000010   Data   RW         2352    .data.conv2d_7_scratch0_array  network.o
    0x2000047c   COMPRESSED   0x0000001c   Data   RW         2342    .data.conv2d_7_weights  network.o
    0x20000498   COMPRESSED   0x00000010   Data   RW         2341    .data.conv2d_7_weights_array  network.o
    0x200004a8   COMPRESSED   0x00000004   Data   RW         1638    .data.g_back_color  lcd.o
    0x200004ac   COMPRESSED   0x0000004c   Data   RW         2183    .data.g_network     network.o
    0x200004f8   COMPRESSED   0x0000001c   Data   RW         2410    .data.g_network_data_map_activations  network_data.o
    0x20000514   COMPRESSED   0x0000000c   Data   RW         2425    .data.g_network_weights_table  network_data_params.o
    0x20000520   COMPRESSED   0x00000010   Data   RW         2247    .data.gemm_16_bias_array  network.o
    0x20000530   COMPRESSED   0x0000001c   Data   RW         2219    .data.gemm_16_layer  network.o
    0x2000054c   COMPRESSED   0x00000010   Data   RW         2195    .data.gemm_16_output_array  network.o
    0x2000055c   COMPRESSED   0x0000001c   Data   RW         2252    .data.gemm_16_scratch0  network.o
    0x20000578   COMPRESSED   0x0000001c   Data   RW         2241    .data.gemm_16_weights  network.o
    0x20000594   COMPRESSED   0x00000004   Data   RW          209    .data.m_out_scale   model_engine.o
    0x20000598   COMPRESSED   0x00000024   Data   RW         1968    .data.mallco_dev    malloc.o
    0x200005bc   COMPRESSED   0x00000038   Data   RW         2222    .data.pool_15_layer  network.o
    0x200005f4   COMPRESSED   0x00000010   Data   RW         2232    .data.pool_15_output_array  network.o
    0x20000604   COMPRESSED   0x0000001c   Data   RW         2188    .data.serving_default_keras_tensor0_output  network.o
    0x20000620   COMPRESSED   0x0000001c   Data   RW         2374    .data.serving_default_keras_tensor0_output0  network.o
    0x2000063c   COMPRESSED   0x0000001c   Data   RW         1992    .data.sys_cmd_tab   usmart.o
    0x20000658   COMPRESSED   0x00000028   PAD
    0x20000680        -       0x0000001c   Zero   RW         2174    .bss..compoundliteral.10  network.o
    0x2000069c        -       0x00000004   Zero   RW         2301    .bss..compoundliteral.109  network.o
    0x200006a0        -       0x00000004   Zero   RW         2315    .bss..compoundliteral.120  network.o
    0x200006a4        -       0x00000010   Zero   RW         2178    .bss..compoundliteral.14  network.o
    0x200006b4        -       0x00000004   Zero   RW         2356    .bss..compoundliteral.153  network.o
    0x200006b8        -       0x00000008   Zero   RW         2180    .bss..compoundliteral.16  network.o
    0x200006c0        -       0x00000010   Zero   RW         2204    .bss..compoundliteral.34  network.o
    0x200006d0        -       0x00000010   Zero   RW         2210    .bss..compoundliteral.38  network.o
    0x200006e0        -       0x00000010   Zero   RW         2217    .bss..compoundliteral.42  network.o
    0x200006f0        -       0x00000004   Zero   RW         2255    .bss..compoundliteral.71  network.o
    0x200006f4        -       0x00000002   Zero   RW         1904    .bss.Fsid           ff.o
    0x200006f6   COMPRESSED   0x00000002   PAD
    0x200006f8        -       0x00000054   Zero   RW          286    .bss.__stdout       usart.o
    0x2000074c        -       0x00000008   Zero   RW         2077    .bss.fs             exfuns.o
    0x20000754        -       0x0000006c   Zero   RW          148    .bss.g_dl           ota_net.o
    0x200007c0        -       0x00000004   Zero   RW          231    .bss.g_fac_us       delay.o
    0x200007c4        -       0x00000004   Zero   RW         2392    .bss.g_network_activations_map  network.o
    0x200007c8        -       0x00000001   Zero   RW           88    .bss.g_refresh      demo.o
    0x200007c9        -       0x00000001   Zero   RW          284    .bss.g_rx_buffer    usart.o
    0x200007ca   COMPRESSED   0x00000002   PAD
    0x200007cc        -       0x00000084   Zero   RW         1730    .bss.g_sdcard_handler  sdio_sdcard.o
    0x20000850        -       0x00000044   Zero   RW          283    .bss.g_uart1_handle  usart.o
    0x20000894        -       0x00000802   Zero   RW         1707    .bss.g_uart_rx_frame  atk_mw8266d_uart.o
    0x20001096        -       0x00000800   Zero   RW         1705    .bss.g_uart_tx_buf  atk_mw8266d_uart.o
    0x20001896        -       0x00000002   Zero   RW          282    .bss.g_usart_rx_sta  usart.o
    0x20001898        -       0x00000004   Zero   RW           86    .bss.gf             demo.o
    0x2000189c        -       0x00000001   Zero   RW         1556    .bss.key_scan.key_up  key.o
    0x2000189d   COMPRESSED   0x00000003   PAD
    0x200018a0        -       0x00000004   Zero   RW          211    .bss.m_loaded_size  model_engine.o
    0x200018a4   COMPRESSED   0x0000001c   PAD
    0x200018c0        -       0x00019000   Zero   RW         1962    .bss.mem1base       malloc.o
    0x2001a8c0        -       0x00001900   Zero   RW         1965    .bss.mem1mapbase    malloc.o
    0x2001c1c0        -       0x00000004   Zero   RW          351    .bss.uwTick         stm32f4xx_hal.o
    0x2001c1c4   COMPRESSED   0x00000004   PAD
    0x2001c1c8        -       0x00002000   Zero   RW            1    STACK               startup_stm32f407xx.o


    Execution Region RW_EXT_POOL (Exec base: 0x68000000, Load base: 0x080ebd48, Size: 0x000ffcc0, Max: 0x00100000, ABSOLUTE, UNINIT)

    Exec Addr    Load Addr    Size         Type   Attr      Idx    E Section Name        Object

    0x68000000        -       0x000f0c00   Zero   RW         1964    .bss.ARM.__at_0x68000000  malloc.o
    0x680f0c00        -       0x0000f0c0   Zero   RW         1967    .bss.ARM.__at_0x680F0C00  malloc.o


==============================================================================

Image component sizes


      Code (inc. data)   RO Data    RW Data    ZI Data      Debug   Object Name

      1180        128          0          0          0      10230   atk_mw8266d.o
       418          0          0          0       4166       5267   atk_mw8266d_uart.o
       470         52          0          0        600       4160   data_player.o
       376          0          0          0          4       3474   delay.o
      8434        852        867          0         11      27886   demo.o
       294          8          0          0          0       2889   diskio.o
         0          0          0          0          8       9266   exfuns.o
      1738        620        242          0        384       9728   fattester.o
     20366         92         71          0         10      93569   ff.o
        20          0          0          0          0       1174   ffsystem.o
       436         10     175030          0          0       3140   ffunicode.o
       400          0          0          0          1       2745   key.o
     28196         26      12174          8         94     116754   lcd.o
       130          0          0          0          0       2120   led.o
        54          0          0          4          0        588   main.o
       416          0         36         36    1187008       6388   malloc.o
       976        172        139          8      18888       8353   model_engine.o
       910          0        663       2936        208      15261   network.o
        56          0         16         88          0       3344   network_data.o
         0          0       1512         24          0        793   network_data_params.o
      1084          0          0          2       4096       6925   norflash.o
      5140       1362        694          0       2545      16841   ota_net.o
      3292        828        244         16          0       9997   ota_update.o
       842        144        245          0        164       7811   sdio_sdcard.o
       386          0          0          0         88       5445   spi.o
        52         14        392          0       8192        980   startup_stm32f407xx.o
       180          0          0          5          4       7315   stm32f4xx_hal.o
       218          0          0          0          0      10532   stm32f4xx_hal_cortex.o
       174          0          0          0          0       9820   stm32f4xx_hal_dma.o
       430          0          0          0          0       5086   stm32f4xx_hal_gpio.o
      1370          0          0          0          0       7385   stm32f4xx_hal_rcc.o
      2490          0          0          0          0      25778   stm32f4xx_hal_sd.o
      1124          0          0          0          0      24052   stm32f4xx_hal_spi.o
        86          0          0          0          0       8130   stm32f4xx_hal_sram.o
       552          0          0          0          0      53143   stm32f4xx_hal_tim.o
      1810          0          0          0          0      22573   stm32f4xx_hal_uart.o
        20          0          0          0          0       1164   stm32f4xx_it.o
       228          0          0          0          0       8310   stm32f4xx_ll_fsmc.o
      1350          0          0          0          0      18443   stm32f4xx_ll_sdmmc.o
       172          0          0          0          0       4654   sys.o
        28          0         24          4          0       2759   system_stm32f4xx.o
       640          0          0          0        355       8411   usart.o
      2014        314        947         28          0       5424   usmart.o
         0          0        880        452          0       1694   usmart_config.o
       282          0          0          0         72       7459   usmart_port.o
      1516         90          5          0          0       8046   usmart_str.o

    ----------------------------------------------------------------------
     90568       4712     194312       3616    1227044     615306   Object Totals
         0          0         64          0          0          0   (incl. Generated)
       218          0         67          5        146          0   (incl. Padding)

    ----------------------------------------------------------------------

      Code (inc. data)   RO Data    RW Data    ZI Data      Debug   Library Member Name

       402         52          0          0          0        488   ai_datatypes_format.o
        76          6          0          0          0        348   ai_datatypes_internal.o
       158          8          0          0          0        368   ai_platform.o
      2684        128        104          0          0       3492   ai_platform_interface.o
        42          0          0          0          0        348   core_common.o
        80          0          0          0          0        148   forward_lite_avepool_is8os8.o
      2106          0          0          0          0        416   forward_lite_conv2d_sssa8_ch.o
        94          0          0          0          0        148   forward_lite_dense_is8os8ws8_ch.o
       316          4          0          0          0        148   forward_lite_maxpool_is8os8.o
       320          4          0          0          0        148   forward_lite_maxpool_is8os8_scalepos.o
       986          0          0          0          0        724   forward_lite_pad_generic.o
       280          6          0          0          0        760   layers.o
      1232          0          0          0          0        552   layers_conv2d_sssa8_ch.o
       376          0          0          0          0        260   layers_conv2d_stm32_integer.o
        34          0          0          0          0        116   layers_generic_float.o
       708          0          0          0          0        568   layers_pad_generic.o
       748          0          0          0          0        580   layers_pool_stm32_integer.o
        76          0          0          0          0        132   st_align_factor.o
        56          0          0          0          0        128   st_int16_fill.o
       244          0          0          0          0        256   st_int8_fill.o
       340          6          0          0          0        148   st_int8_pool.o
        82          0          0          0          0        132   st_int8_reordered_no_shift.o
      1552          0          0          0          0        544   st_int8_to16_no_shift.o
       226          0          0          0          0        248   st_padding_opt.o
       164          0          0          0          0        140   st_sssa8_ch_convolve.o
      1016          0          0          0          0        148   st_sssa8_ch_dense.o
      2532          0          0          0          0        148   st_sssa8_ch_nn_mat_mult_conv2d_nt_t.o
       828          0          0          0          0          0   st_sssa8_ch_nn_mat_mult_kernel_opt.o
       624          0          0          0          0        148   st_sssa8_ch_nn_mat_mult_kernel_single_opt.o
       812          0          0          0          0        672   st_sssa8_ch_nn_mat_mult_nt_t.o
        86          0          0          0          0          0   __dczerorl2.o
        28          0          0          0          0         68   _chval.o
       158          0          0          0          0         92   _strtoul.o
        26          0          0          0          0         80   atoi.o
        26          0          0          0          0         80   atol.o
         8          4        133          0          0         68   ctype_o.o
         0          0          0          0          0          0   entry.o
         0          0          0          0          0          0   entry10a.o
         0          0          0          0          0          0   entry11a.o
         8          4          0          0          0          0   entry2.o
         4          0          0          0          0          0   entry5.o
         0          0          0          0          0          0   entry7b.o
         0          0          0          0          0          0   entry8b.o
         8          4          0          0          0          0   entry9a.o
         8          4          0          4          0         68   errno.o
        30          0          0          0          0          0   handlers.o
        36          8          0          0          0         68   init.o
         0          0          0          0          0          0   iusefp.o
        30          0          0          0          0         68   llshl.o
        36          0          0          0          0         68   llsshr.o
        32          0          0          0          0         68   llushr.o
        20          0          0          0          0         68   memchr.o
        26          0          0          0          0         80   memcmp.o
        36          0          0          0          0         68   memcpya.o
        36          0          0          0          0        108   memseta.o
      2418        106          0          0          0        840   printfa.o
        12          6          0          0          0         68   putchar.o
        36          6          0          0          0         80   puts.o
        20          0          0          0          0         68   strchr.o
        28          0          0          0          0         76   strcmp.o
        18          0          0          0          0         68   strcpy.o
        14          0          0          0          0         68   strlen.o
        30          0          0          0          0         80   strncmp.o
        24          0          0          0          0         76   strncpy.o
        36          0          0          0          0         80   strstr.o
       112          0          0          0          0         88   strtol.o
        44          0          0          0          0         80   uidiv.o
        98          0          0          0          0         92   uldiv.o
        48          0          0          0          0         68   cdrcmple.o
       334          0          0          0          0        148   dadd.o
       222          0          0          0          0        100   ddiv.o
       186          0          0          0          0        176   depilogue.o
        48          0          0          0          0         68   dfixul.o
       228          0          0          0          0         96   dmul.o
        38          0          0          0          0         68   f2d.o

    ----------------------------------------------------------------------
     23852        356        244          4          0      15996   Library Totals
        22          0          7          0          0          0   (incl. Padding)

    ----------------------------------------------------------------------

      Code (inc. data)   RO Data    RW Data    ZI Data      Debug   Library Name

     19194        214        104          0          0      12456   NetworkRuntime1020_CM4_Keil.lib
      3532        142        133          4          0       2816   mc_w.l
      1104          0          0          0          0        724   mf_w.l

    ----------------------------------------------------------------------
     23852        356        244          4          0      15996   Library Totals

    ----------------------------------------------------------------------

==============================================================================


      Code (inc. data)   RO Data    RW Data    ZI Data      Debug   

    114420       5068     194556       3620    1227044     620138   Grand Totals
    114420       5068     194556       1608    1227044     620138   ELF Image Totals (compressed)
    114420       5068     194556       1608          0          0   ROM Totals

==============================================================================

    Total RO  Size (Code + RO Data)               308976 ( 301.73kB)
    Total RW  Size (RW Data + ZI Data)           1230664 (1201.82kB)
    Total ROM Size (Code + RO Data + RW Data)     310584 ( 303.30kB)

==============================================================================

